


ARM Macro Assembler    Page 1 


    1 00000000         ;/*
    2 00000000         ;*******************************************************
                       *************************************************
    3 00000000         ;                                    EXCEPTION VECTORS &
                        STARTUP CODE
    4 00000000         ;
    5 00000000         ; File      : cstartup.s
    6 00000000         ; For       : ARMv7M Cortex-M4
    7 00000000         ; Mode      : Thumb2
    8 00000000         ; Toolchain : RealView Development Suite
    9 00000000         ;             RealView Microcontroller Development Kit (
                       MDK)
   10 00000000         ;             ARM Developer Suite (ADS)
   11 00000000         ;             Keil uVision
   12 00000000         ;*******************************************************
                       *************************************************
   13 00000000         ;*/
   14 00000000         
   15 00000000         ;/*
   16 00000000         ;*******************************************************
                       *************************************************
   17 00000000         ;*                           <<< Use Configuration Wizar
                       d in Context Menu >>>
   18 00000000         ;*
   19 00000000         ;* Note(s) : (1) The µVision4 Configuration Wizard enabl
                       es menu driven configuration of assembler, 
   20 00000000         ;*               C/C++, or debugger initialization files
                       . The Configuration Wizard uses control items 
   21 00000000         ;*               that are embedded into the comments of 
                       the configuration file.
   22 00000000         ;*
   23 00000000         ;*******************************************************
                       *************************************************
   24 00000000         ;*/
   25 00000000         
   26 00000000         ;/*
   27 00000000         ;*******************************************************
                       *************************************************
   28 00000000         ;*                                              STACK DE
                       FINITIONS
   29 00000000         ;*
   30 00000000         ;* Configuration Wizard Menu:
   31 00000000         ;* // <h> Stack Configuration
   32 00000000         ;* //   <o> Stack Size (in Bytes) <0x0-0xFFFFFFFF:8>
   33 00000000         ;* // </h>;
   34 00000000         ;*******************************************************
                       **************************************************
   35 00000000         ;*/
   36 00000000         
   37 00000000 00000400 
                       STACK_SIZE
                               EQU              0x00000400
   38 00000000                 AREA             STACK, NOINIT, READWRITE, ALIGN
=3
   39 00000000         Stack_Mem
                               SPACE            STACK_SIZE
   40 00000400         __initial_sp
   41 00000400         
   42 00000400         



ARM Macro Assembler    Page 2 


   43 00000400         ;/*
   44 00000400         ;*******************************************************
                       *************************************************
   45 00000400         ;*                                              STACK DE
                       FINITIONS
   46 00000400         ; <h> Heap Configuration
   47 00000400         ;   <o>  Heap Size (in Bytes) <0x0-0xFFFFFFFF:8>
   48 00000400         ; </h>
   49 00000400         ;*******************************************************
                       **************************************************
   50 00000400         ;*/
   51 00000400         
   52 00000400 00000200 
                       HEAP_SIZE
                               EQU              0x00000200
   53 00000400                 AREA             HEAP, NOINIT, READWRITE, ALIGN=
3
   54 00000000         __heap_base
   55 00000000         Heap_Mem
                               SPACE            HEAP_SIZE
   56 00000200         __heap_limit
   57 00000200         
   58 00000200         
   59 00000200                 PRESERVE8
   60 00000200                 THUMB
   61 00000200         
   62 00000200         
   63 00000200         ; Vector Table Mapped to Address 0 at Reset
   64 00000200         
   65 00000200                 AREA             RESET, DATA, READONLY
   66 00000000                 EXPORT           __Vectors
   67 00000000                 IMPORT           BSP_IntHandlerWWDG
   68 00000000                 IMPORT           BSP_IntHandlerPVD
   69 00000000                 IMPORT           BSP_IntHandlerTAMP_STAMP
   70 00000000                 IMPORT           BSP_IntHandlerRTC_WKUP
   71 00000000                 IMPORT           BSP_IntHandlerFLASH
   72 00000000                 IMPORT           BSP_IntHandlerRCC
   73 00000000                 IMPORT           BSP_IntHandlerEXTI0
   74 00000000                 IMPORT           BSP_IntHandlerEXTI1
   75 00000000                 IMPORT           BSP_IntHandlerEXTI2
   76 00000000                 IMPORT           BSP_IntHandlerEXTI3
   77 00000000                 IMPORT           BSP_IntHandlerEXTI4
   78 00000000                 IMPORT           BSP_IntHandlerDMA1_CH0
   79 00000000                 IMPORT           BSP_IntHandlerDMA1_CH1
   80 00000000                 IMPORT           BSP_IntHandlerDMA1_CH2
   81 00000000                 IMPORT           BSP_IntHandlerDMA1_CH3
   82 00000000                 IMPORT           BSP_IntHandlerDMA1_CH4
   83 00000000                 IMPORT           BSP_IntHandlerDMA1_CH5
   84 00000000                 IMPORT           BSP_IntHandlerDMA1_CH6
   85 00000000                 IMPORT           BSP_IntHandlerADC
   86 00000000                 IMPORT           BSP_IntHandlerCAN1_TX
   87 00000000                 IMPORT           BSP_IntHandlerCAN1_RX0
   88 00000000                 IMPORT           BSP_IntHandlerCAN1_RX1
   89 00000000                 IMPORT           BSP_IntHandlerCAN1_SCE
   90 00000000                 IMPORT           BSP_IntHandlerEXTI9_5
   91 00000000                 IMPORT           BSP_IntHandlerTIM1_BRK_TIM9
   92 00000000                 IMPORT           BSP_IntHandlerTIM1_UP_TIM10
   93 00000000                 IMPORT           BSP_IntHandlerTIM1_TRG_COM_TIM1
1



ARM Macro Assembler    Page 3 


   94 00000000                 IMPORT           BSP_IntHandlerTIM1_CC
   95 00000000                 IMPORT           BSP_IntHandlerTIM2
   96 00000000                 IMPORT           BSP_IntHandlerTIM3
   97 00000000                 IMPORT           BSP_IntHandlerTIM4
   98 00000000                 IMPORT           BSP_IntHandlerI2C1_EV
   99 00000000                 IMPORT           BSP_IntHandlerI2C1_ER
  100 00000000                 IMPORT           BSP_IntHandlerI2C2_EV
  101 00000000                 IMPORT           BSP_IntHandlerI2C2_ER
  102 00000000                 IMPORT           BSP_IntHandlerSPI1
  103 00000000                 IMPORT           BSP_IntHandlerSPI2
  104 00000000                 IMPORT           BSP_IntHandlerUSART1
  105 00000000                 IMPORT           BSP_IntHandlerUSART2
  106 00000000                 IMPORT           BSP_IntHandlerUSART3
  107 00000000                 IMPORT           BSP_IntHandlerEXTI15_10
  108 00000000                 IMPORT           BSP_IntHandlerRTCAlarm
  109 00000000                 IMPORT           BSP_IntHandlerOTG_FS_WKUP
  110 00000000                 IMPORT           BSP_IntHandlerTIM8_BRK_TIM12
  111 00000000                 IMPORT           BSP_IntHandlerTIM8_UP_TIM13
  112 00000000                 IMPORT           BSP_IntHandlerTIM8_TRG_COM_TIM1
4
  113 00000000                 IMPORT           BSP_IntHandlerTIM8_CC
  114 00000000                 IMPORT           BSP_IntHandlerDMA1_STREAM7
  115 00000000                 IMPORT           BSP_IntHandlerFSMC
  116 00000000                 IMPORT           BSP_IntHandlerSDIO
  117 00000000                 IMPORT           BSP_IntHandlerTIM5
  118 00000000                 IMPORT           BSP_IntHandlerSPI3
  119 00000000                 IMPORT           BSP_IntHandlerUSART4
  120 00000000                 IMPORT           BSP_IntHandlerUSART5
  121 00000000                 IMPORT           BSP_IntHandlerTIM6_DAC
  122 00000000                 IMPORT           BSP_IntHandlerTIM7
  123 00000000                 IMPORT           BSP_IntHandlerDMA2_CH0
  124 00000000                 IMPORT           BSP_IntHandlerDMA2_CH1
  125 00000000                 IMPORT           BSP_IntHandlerDMA2_CH2
  126 00000000                 IMPORT           BSP_IntHandlerDMA2_CH3
  127 00000000                 IMPORT           BSP_IntHandlerDMA2_CH4
  128 00000000                 IMPORT           BSP_IntHandlerETH
  129 00000000                 IMPORT           BSP_IntHandlerETHWakeup
  130 00000000                 IMPORT           BSP_IntHandlerCAN2_TX
  131 00000000                 IMPORT           BSP_IntHandlerCAN2_RX0
  132 00000000                 IMPORT           BSP_IntHandlerCAN2_RX1
  133 00000000                 IMPORT           BSP_IntHandlerCAN2_SCE
  134 00000000                 IMPORT           BSP_IntHandlerOTG_FS
  135 00000000                 IMPORT           BSP_IntHandlerDMA2_CH5
  136 00000000                 IMPORT           BSP_IntHandlerDMA2_CH6
  137 00000000                 IMPORT           BSP_IntHandlerDMA2_CH7
  138 00000000                 IMPORT           BSP_IntHandlerUSART6
  139 00000000                 IMPORT           BSP_IntHandlerI2C3_EV
  140 00000000                 IMPORT           BSP_IntHandlerI2C3_ER
  141 00000000                 IMPORT           BSP_IntHandlerOTG_HS_EP1_OUT
  142 00000000                 IMPORT           BSP_IntHandlerOTG_HS_EP1_IN
  143 00000000                 IMPORT           BSP_IntHandlerOTG_HS_WKUP
  144 00000000                 IMPORT           BSP_IntHandlerOTG_HS
  145 00000000                 IMPORT           BSP_IntHandlerDCMI
  146 00000000                 IMPORT           BSP_IntHandlerCRYP
  147 00000000                 IMPORT           BSP_IntHandlerHASH_RNG
  148 00000000                 IMPORT           BSP_IntHandlerFPU
  149 00000000                 IMPORT           BSP_IntHandlerUART7
  150 00000000                 IMPORT           BSP_IntHandlerUART8
  151 00000000                 IMPORT           BSP_IntHandlerSPI4



ARM Macro Assembler    Page 4 


  152 00000000                 IMPORT           BSP_IntHandlerSPI5
  153 00000000                 IMPORT           BSP_IntHandlerSPI6
  154 00000000                 IMPORT           BSP_IntHandlerSAI1
  155 00000000                 IMPORT           BSP_IntHandlerLTDC
  156 00000000                 IMPORT           BSP_IntHandlerLTDC_ER
  157 00000000                 IMPORT           BSP_IntHandlerDMA2D
  158 00000000         
  159 00000000                 IMPORT           OS_CPU_PendSVHandler
  160 00000000                 IMPORT           OS_CPU_SysTickHandler
  161 00000000         
  162 00000000 00000000 
                       __Vectors
                               DCD              __initial_sp ; Top of Stack
  163 00000004 00000000        DCD              Reset_Handler ; Reset Handler
  164 00000008 00000000        DCD              App_NMI_ISR ; NMI Handler
  165 0000000C 00000000        DCD              App_Fault_ISR ; Hard Fault Hand
                                                            ler
  166 00000010 00000000        DCD              App_MemFault_ISR 
                                                            ; MPU Fault Handler
                                                            
  167 00000014 00000000        DCD              App_BusFault_ISR 
                                                            ; Bus Fault Handler
                                                            
  168 00000018 00000000        DCD              App_UsageFault_ISR ; Usage Faul
                                                            t Handler
  169 0000001C 00000000        DCD              App_Spurious_ISR ; Reserved
  170 00000020 00000000        DCD              App_Spurious_ISR ; Reserved
  171 00000024 00000000        DCD              App_Spurious_ISR ; Reserved
  172 00000028 00000000        DCD              App_Spurious_ISR ; Reserved
  173 0000002C 00000000        DCD              App_Spurious_ISR 
                                                            ; SVCall Handler
  174 00000030 00000000        DCD              App_Spurious_ISR ; Debug Monito
                                                            r Handler
  175 00000034 00000000        DCD              App_Spurious_ISR ; Reserved
  176 00000038 00000000        DCD              OS_CPU_PendSVHandler 
                                                            ; PendSV Handler
  177 0000003C 00000000        DCD              OS_CPU_SysTickHandler 
                                                            ; SysTick Handler
  178 00000040         
  179 00000040         ;  External Interrupts
  180 00000040 00000000        DCD              BSP_IntHandlerWWDG ; 16, INTISR
                                                            [  0]  Window Watch
                                                            dog.
  181 00000044 00000000        DCD              BSP_IntHandlerPVD ; 17, INTISR[
                                                              1]  PVD through E
                                                            XTI Line Detection.
                                                            
  182 00000048 00000000        DCD              BSP_IntHandlerTAMP_STAMP ; 18, 
                                                            INTISR[  2]  Tamper
                                                             and TimeStamp Inte
                                                            rrupt.
  183 0000004C 00000000        DCD              BSP_IntHandlerRTC_WKUP ; 19, IN
                                                            TISR[  3]  RTC Wake
                                                            up Global Interrupt
                                                            .
  184 00000050 00000000        DCD              BSP_IntHandlerFLASH ; 20, INTIS
                                                            R[  4]  FLASH Globa
                                                            l Interrupt.
  185 00000054 00000000        DCD              BSP_IntHandlerRCC ; 21, INTISR[



ARM Macro Assembler    Page 5 


                                                              5]  RCC Global In
                                                            terrupt.
  186 00000058 00000000        DCD              BSP_IntHandlerEXTI0 ; 22, INTIS
                                                            R[  6]  EXTI Line0 
                                                            Interrupt.
  187 0000005C 00000000        DCD              BSP_IntHandlerEXTI1 ; 23, INTIS
                                                            R[  7]  EXTI Line1 
                                                            Interrupt.
  188 00000060 00000000        DCD              BSP_IntHandlerEXTI2 ; 24, INTIS
                                                            R[  8]  EXTI Line2 
                                                            Interrupt.
  189 00000064 00000000        DCD              BSP_IntHandlerEXTI3 ; 25, INTIS
                                                            R[  9]  EXTI Line3 
                                                            Interrupt.
  190 00000068 00000000        DCD              BSP_IntHandlerEXTI4 ; 26, INTIS
                                                            R[ 10]  EXTI Line4 
                                                            Interrupt.
  191 0000006C 00000000        DCD              BSP_IntHandlerDMA1_CH0 ; 27, IN
                                                            TISR[ 11]  DMA Chan
                                                            nel0 Global Interru
                                                            pt.
  192 00000070 00000000        DCD              BSP_IntHandlerDMA1_CH1 ; 28, IN
                                                            TISR[ 12]  DMA Chan
                                                            nel1 Global Interru
                                                            pt.
  193 00000074 00000000        DCD              BSP_IntHandlerDMA1_CH2 ; 29, IN
                                                            TISR[ 13]  DMA Chan
                                                            nel2 Global Interru
                                                            pt.
  194 00000078 00000000        DCD              BSP_IntHandlerDMA1_CH3 ; 30, IN
                                                            TISR[ 14]  DMA Chan
                                                            nel3 Global Interru
                                                            pt.
  195 0000007C 00000000        DCD              BSP_IntHandlerDMA1_CH4 ; 31, IN
                                                            TISR[ 15]  DMA Chan
                                                            nel4 Global Interru
                                                            pt.
  196 00000080 00000000        DCD              BSP_IntHandlerDMA1_CH5 ; 32, IN
                                                            TISR[ 16]  DMA Chan
                                                            nel5 Global Interru
                                                            pt.
  197 00000084 00000000        DCD              BSP_IntHandlerDMA1_CH6 ; 33, IN
                                                            TISR[ 17]  DMA Chan
                                                            nel6 Global Interru
                                                            pt.
  198 00000088 00000000        DCD              BSP_IntHandlerADC ; 34, INTISR[
                                                             18]  ADC1, ADC2 & 
                                                            ADC3 Global Interru
                                                            pt.
  199 0000008C 00000000        DCD              BSP_IntHandlerCAN1_TX ; 35, INT
                                                            ISR[ 19]  CAN1 TX  
                                                            Interrupts.
  200 00000090 00000000        DCD              BSP_IntHandlerCAN1_RX0 ; 36, IN
                                                            TISR[ 20]  CAN1 RX0
                                                             Interrupts.
  201 00000094 00000000        DCD              BSP_IntHandlerCAN1_RX1 ; 37, IN
                                                            TISR[ 21]  CAN1 RX1
                                                             Interrupt.
  202 00000098 00000000        DCD              BSP_IntHandlerCAN1_SCE ; 38, IN



ARM Macro Assembler    Page 6 


                                                            TISR[ 22]  CAN1 SCE
                                                             Interrupt.
  203 0000009C 00000000        DCD              BSP_IntHandlerEXTI9_5 ; 39, INT
                                                            ISR[ 23]  EXTI Line
                                                            [9:5] Interrupt.
  204 000000A0 00000000        DCD              BSP_IntHandlerTIM1_BRK_TIM9 ; 4
                                                            0, INTISR[ 24]  TIM
                                                            1 Break  Interrupt 
                                                            & TIM9 Glb int.
  205 000000A4 00000000        DCD              BSP_IntHandlerTIM1_UP_TIM10 ; 4
                                                            1, INTISR[ 25]  TIM
                                                            1 Update Interrupt 
                                                            & TIM10 Glb int.
  206 000000A8 00000000        DCD              BSP_IntHandlerTIM1_TRG_COM_TIM1
1 
                                                            ; 42, INTISR[ 26]  
                                                            TIM1 Trig & Commuta
                                                            tion Interrupts...
  207 000000AC         ; .................and TIM11 global interrupt.
  208 000000AC         
  209 000000AC 00000000        DCD              BSP_IntHandlerTIM1_CC ; 43, INT
                                                            ISR[ 27]  TIM1 Capt
                                                            ure Compare Interru
                                                            pt.
  210 000000B0 00000000        DCD              BSP_IntHandlerTIM2 ; 44, INTISR
                                                            [ 28]  TIM2 Global 
                                                            Interrupt.
  211 000000B4 00000000        DCD              BSP_IntHandlerTIM3 ; 45, INTISR
                                                            [ 29]  TIM3 Global 
                                                            Interrupt.
  212 000000B8 00000000        DCD              BSP_IntHandlerTIM4 ; 46, INTISR
                                                            [ 30]  TIM4 Global 
                                                            Interrupt.
  213 000000BC 00000000        DCD              BSP_IntHandlerI2C1_EV ; 47, INT
                                                            ISR[ 31]  I2C1 Even
                                                            t  Interrupt.
  214 000000C0 00000000        DCD              BSP_IntHandlerI2C1_ER ; 48, INT
                                                            ISR[ 32]  I2C1 Erro
                                                            r  Interrupt.
  215 000000C4 00000000        DCD              BSP_IntHandlerI2C2_EV ; 49, INT
                                                            ISR[ 33]  I2C2 Even
                                                            t  Interrupt.
  216 000000C8 00000000        DCD              BSP_IntHandlerI2C2_ER ; 50, INT
                                                            ISR[ 34]  I2C2 Erro
                                                            r  Interrupt.
  217 000000CC 00000000        DCD              BSP_IntHandlerSPI1 ; 51, INTISR
                                                            [ 35]  SPI1 Global 
                                                            Interrupt.
  218 000000D0 00000000        DCD              BSP_IntHandlerSPI2 ; 52, INTISR
                                                            [ 36]  SPI2 Global 
                                                            Interrupt.
  219 000000D4 00000000        DCD              BSP_IntHandlerUSART1 ; 53, INTI
                                                            SR[ 37]  USART1 Glo
                                                            bal Interrupt.
  220 000000D8 00000000        DCD              BSP_IntHandlerUSART2 ; 54, INTI
                                                            SR[ 38]  USART2 Glo
                                                            bal Interrupt.
  221 000000DC 00000000        DCD              BSP_IntHandlerUSART3 ; 55, INTI
                                                            SR[ 39]  USART3 Glo



ARM Macro Assembler    Page 7 


                                                            bal Interrupt.
  222 000000E0 00000000        DCD              BSP_IntHandlerEXTI15_10 ; 56, I
                                                            NTISR[ 40]  EXTI Li
                                                            ne [15:10] Interrup
                                                            ts.
  223 000000E4 00000000        DCD              BSP_IntHandlerRTCAlarm ; 57, IN
                                                            TISR[ 41]  RTC Alar
                                                            m EXT Line Interrup
                                                            t.
  224 000000E8 00000000        DCD              BSP_IntHandlerOTG_FS_WKUP ; 58,
                                                             INTISR[ 42]  USB O
                                                            TG Wakeup through E
                                                            XTI line int.
  225 000000EC 00000000        DCD              BSP_IntHandlerTIM8_BRK_TIM12 ; 
                                                            59, INTISR[ 43]  TI
                                                            M8 Break and TIM12 
                                                            global Int.
  226 000000F0 00000000        DCD              BSP_IntHandlerTIM8_UP_TIM13 ; 6
                                                            0, INTISR[ 44]  TIM
                                                            8 Update and TIM13 
                                                            global Int.
  227 000000F4 00000000        DCD              BSP_IntHandlerTIM8_TRG_COM_TIM1
4 
                                                            ; 61, INTISR[ 45]  
                                                            TIM8 Trigger/Commut
                                                            ation and TIM14.
  228 000000F8 00000000        DCD              BSP_IntHandlerTIM8_CC ; 62, INT
                                                            ISR[ 46]  TIM8 Capt
                                                            ure Compare Int.
  229 000000FC 00000000        DCD              BSP_IntHandlerDMA1_STREAM7 ; 63
                                                            , INTISR[ 47]  DMA1
                                                             Stream7 Interrupt.
                                                            
  230 00000100 00000000        DCD              BSP_IntHandlerFSMC ; 64, INTISR
                                                            [ 48]  FMC global I
                                                            nterrupt.
  231 00000104 00000000        DCD              BSP_IntHandlerSDIO ; 65, INTISR
                                                            [ 49]  SDIO global 
                                                            Interrupt.
  232 00000108 00000000        DCD              BSP_IntHandlerTIM5 ; 66, INTISR
                                                            [ 50]  TIM5 global 
                                                            Interrupt. 
  233 0000010C 00000000        DCD              BSP_IntHandlerSPI3 ; 67, INTISR
                                                            [ 51]  SPI3 global 
                                                            Interrupt.
  234 00000110 00000000        DCD              BSP_IntHandlerUSART4 ; 68, INTI
                                                            SR[ 52]  UART4 glob
                                                            al Interrupt.
  235 00000114 00000000        DCD              BSP_IntHandlerUSART5 ; 69, INTI
                                                            SR[ 53]  UART5 glob
                                                            al Interrupt.
  236 00000118 00000000        DCD              BSP_IntHandlerTIM6_DAC ; 70, IN
                                                            TISR[ 54]  TIM6 glo
                                                            bal Interrupt, DAC1
                                                             & DAC2 ..
  237 0000011C         ; ................ underrun error interrupts.
  238 0000011C         
  239 0000011C 00000000        DCD              BSP_IntHandlerTIM7 ; 71, INTISR
                                                            [ 55]  TIM7 global 



ARM Macro Assembler    Page 8 


                                                            Interrupt.
  240 00000120 00000000        DCD              BSP_IntHandlerDMA2_CH0 ; 72, IN
                                                            TISR[ 56]  DMA2 Cha
                                                            nnel 0 global Inter
                                                            rupt.
  241 00000124 00000000        DCD              BSP_IntHandlerDMA2_CH1 ; 73, IN
                                                            TISR[ 57]  DMA2 Cha
                                                            nnel 1 global Inter
                                                            rupt.
  242 00000128 00000000        DCD              BSP_IntHandlerDMA2_CH2 ; 74, IN
                                                            TISR[ 58]  DMA2 Cha
                                                            nnel 2 global Inter
                                                            rupt.
  243 0000012C 00000000        DCD              BSP_IntHandlerDMA2_CH3 ; 75, IN
                                                            TISR[ 59]  DMA2 Cha
                                                            nnel 3 global Inter
                                                            rupt.
  244 00000130 00000000        DCD              BSP_IntHandlerDMA2_CH4 ; 76, IN
                                                            TISR[ 60]  DMA2 Cha
                                                            nnel 4 global Inter
                                                            rupt.
  245 00000134 00000000        DCD              BSP_IntHandlerETH ; 77, INTISR[
                                                             61]  ETH global In
                                                            terrupt.
  246 00000138 00000000        DCD              BSP_IntHandlerETHWakeup ; 78, I
                                                            NTISR[ 62]  ETH Wak
                                                            eUp from EXTI line 
                                                            Interrupt.
  247 0000013C 00000000        DCD              BSP_IntHandlerCAN2_TX ; 79, INT
                                                            ISR[ 63]  CAN2 TX I
                                                            nterrupts.
  248 00000140 00000000        DCD              BSP_IntHandlerCAN2_RX0 ; 80, IN
                                                            TISR[ 64]  CAN2 RX0
                                                             Interrupts.
  249 00000144 00000000        DCD              BSP_IntHandlerCAN2_RX1 ; 81, IN
                                                            TISR[ 65]  CAN2 RX1
                                                             Interrupt.
  250 00000148 00000000        DCD              BSP_IntHandlerCAN2_SCE ; 82, IN
                                                            TISR[ 66]  CAN2 SCE
                                                             Interrupt.
  251 0000014C 00000000        DCD              BSP_IntHandlerOTG_FS ; 83, INTI
                                                            SR[ 67]  OTG global
                                                             Interrupt.
  252 00000150 00000000        DCD              BSP_IntHandlerDMA2_CH5 ; 84, IN
                                                            TISR[ 68]  DMA2 Cha
                                                            nnel 5 global Inter
                                                            rupt.
  253 00000154 00000000        DCD              BSP_IntHandlerDMA2_CH6 ; 85, IN
                                                            TISR[ 69]  DMA2 Cha
                                                            nnel 6 global Inter
                                                            rupt.
  254 00000158 00000000        DCD              BSP_IntHandlerDMA2_CH7 ; 86, IN
                                                            TISR[ 70]  DMA2 Cha
                                                            nnel 7 global Inter
                                                            rupt.
  255 0000015C 00000000        DCD              BSP_IntHandlerUSART6 ; 87, INTI
                                                            SR[ 71]  UART6 glob
                                                            al Interrupt.
  256 00000160 00000000        DCD              BSP_IntHandlerI2C3_EV ; 88, INT



ARM Macro Assembler    Page 9 


                                                            ISR[ 72]  I2C3 Even
                                                            t  Interrupt.
  257 00000164 00000000        DCD              BSP_IntHandlerI2C3_ER ; 89, INT
                                                            ISR[ 73]  I2C3 Erro
                                                            r  Interrupt.
  258 00000168 00000000        DCD              BSP_IntHandlerOTG_HS_EP1_OUT ; 
                                                            90, INTISR[ 74]  OT
                                                            G HS EP1 OUT Interr
                                                            upt.
  259 0000016C 00000000        DCD              BSP_IntHandlerOTG_HS_EP1_IN ; 9
                                                            1, INTISR[ 75]  OTG
                                                             HS EP1 IN Interrup
                                                            t.
  260 00000170 00000000        DCD              BSP_IntHandlerOTG_HS_WKUP ; 92,
                                                             INTISR[ 76]  OTG H
                                                            S Wakeup Interrupt.
                                                            
  261 00000174 00000000        DCD              BSP_IntHandlerOTG_HS ; 93, INTI
                                                            SR[ 77]  OTG HS glo
                                                            bal Interrupt.
  262 00000178 00000000        DCD              BSP_IntHandlerDCMI ; 94, INTISR
                                                            [ 78]  DCMI global 
                                                            Interrupt.
  263 0000017C 00000000        DCD              BSP_IntHandlerCRYP ; 95, INTISR
                                                            [ 79]  CRYPT crypto
                                                             global Interrupt.
  264 00000180 00000000        DCD              BSP_IntHandlerHASH_RNG ; 96, IN
                                                            TISR[ 80]  HASH and
                                                             RNG global Interru
                                                            pt.
  265 00000184 00000000        DCD              BSP_IntHandlerFPU ; 97, INTISR[
                                                             81]  FPU global In
                                                            terrupt.
  266 00000188 00000000        DCD              BSP_IntHandlerUART7 ; 98, INTIS
                                                            R[ 82]  UART7 globa
                                                            l Interrupt.
  267 0000018C 00000000        DCD              BSP_IntHandlerUART8 ; 98, INTIS
                                                            R[ 83]  UART8 globa
                                                            l Interrupt.
  268 00000190 00000000        DCD              BSP_IntHandlerSPI4 ; 99, INTISR
                                                            [ 84]  SPI4 global 
                                                            Interrupt.
  269 00000194 00000000        DCD              BSP_IntHandlerSPI5 ;100, INTISR
                                                            [ 85]  SPI5 global 
                                                            Interrupt.
  270 00000198 00000000        DCD              BSP_IntHandlerSPI6 ;101, INTISR
                                                            [ 86]  SPI6 global 
                                                            Interrupt.
  271 0000019C 00000000        DCD              BSP_IntHandlerSAI1 ;102, INTISR
                                                            [ 87]  SAI1 global 
                                                            Interrupt.
  272 000001A0 00000000        DCD              BSP_IntHandlerLTDC ;103, INTISR
                                                            [ 88]  LTDC global 
                                                            Interrupt.
  273 000001A4 00000000        DCD              BSP_IntHandlerLTDC_ER ;104, INT
                                                            ISR[ 89]  LTDC ERRO
                                                            R global Interrupt.
                                                            
  274 000001A8 00000000        DCD              BSP_IntHandlerDMA2D ;105, INTIS



ARM Macro Assembler    Page 10 


                                                            R[ 90]  DMA2D globa
                                                            l Interrupt.
  275 000001AC         
  276 000001AC         
  277 000001AC                 AREA             |.text|, CODE, READONLY
  278 00000000         
  279 00000000         
  280 00000000         ; Reset Handler
  281 00000000         
  282 00000000         Reset_Handler
                               PROC
  283 00000000                 EXPORT           Reset_Handler                 [
WEAK]
  284 00000000                 IMPORT           __main
  285 00000000         
  286 00000000         
  287 00000000         ;FPU settings
  288 00000000         ;                LDR     R0, =0xE000ED88           ; Ena
                       ble CP10,CP11
  289 00000000         ;                LDR     R1,[R0]
  290 00000000         ;                ORR     R1,R1,#(0xF << 20)
  291 00000000         ;                STR     R1,[R0]
  292 00000000         
  293 00000000 4804            LDR              R0, =__main
  294 00000002 4700            BX               R0
  295 00000004                 ENDP
  296 00000004         
  297 00000004         ; Dummy Exception Handlers (infinite loops which can be 
                       modified)                
  298 00000004         
  299 00000004         App_NMI_ISR
                               PROC
  300 00000004                 EXPORT           App_NMI_ISR                   [
WEAK]
  301 00000004 E7FE            B                .
  302 00000006                 ENDP
  304 00000006         App_Fault_ISR
                               PROC
  305 00000006                 EXPORT           App_Fault_ISR                 [
WEAK]
  306 00000006 E7FE            B                .
  307 00000008                 ENDP
  309 00000008         App_MemFault_ISR
                               PROC
  310 00000008                 EXPORT           App_MemFault_ISR             [W
EAK]
  311 00000008 E7FE            B                .
  312 0000000A                 ENDP
  314 0000000A         App_BusFault_ISR
                               PROC
  315 0000000A                 EXPORT           App_BusFault_ISR             [W
EAK]
  316 0000000A E7FE            B                .
  317 0000000C                 ENDP
  319 0000000C         App_UsageFault_ISR
                               PROC
  320 0000000C                 EXPORT           App_UsageFault_ISR            [
WEAK]
  321 0000000C E7FE            B                .



ARM Macro Assembler    Page 11 


  322 0000000E                 ENDP
  324 0000000E         App_Spurious_ISR
                               PROC
  325 0000000E                 EXPORT           App_Spurious_ISR               
 [WEAK]
  326 0000000E E7FE            B                .
  327 00000010                 ENDP
  329 00000010         App_Reserved_ISR
                               PROC
  330 00000010                 EXPORT           App_Reserved_ISR               
 [WEAK]
  331 00000010 E7FE            B                .
  332 00000012                 ENDP
  333 00000012         
  334 00000012         
  335 00000012 00 00           ALIGN
  336 00000014         
  337 00000014         
  338 00000014         ; User Initial Stack & Heap
  339 00000014         
  340 00000014                 IF               :DEF:__MICROLIB
  341 00000014         
  342 00000014                 EXPORT           __initial_sp
  343 00000014                 EXPORT           __heap_base
  344 00000014                 EXPORT           __heap_limit
  345 00000014         
  346 00000014                 ELSE
  361                          ENDIF
  362 00000014         
  363 00000014         
  364 00000014                 END
              00000000 
Command Line: --debug --xref --cpu=Cortex-M4.fp --apcs=interwork --depend=.\obj
\cstartup.d -o.\obj\cstartup.o -I"D:\Program Files\keil\ARM\RV31\INC" -I"D:\Pro
gram Files\keil\ARM\PACK\ARM\CMSIS\3.20.4\CMSIS\Include" -I"D:\Program Files\ke
il\ARM\PACK\Keil\STM32F4xx_DFP\1.0.8\Device\Include" --predefine="__MICROLIB SE
TA 1" --list=.\lst\cstartup.lst ..\..\BSP\KeilMDK\cstartup.s



ARM Macro Assembler    Page 1 Alphabetic symbol ordering
Relocatable symbols

STACK 00000000

Symbol: STACK
   Definitions
      At line 38 in file ..\..\BSP\KeilMDK\cstartup.s
   Uses
      None
Comment: STACK unused
Stack_Mem 00000000

Symbol: Stack_Mem
   Definitions
      At line 39 in file ..\..\BSP\KeilMDK\cstartup.s
   Uses
      None
Comment: Stack_Mem unused
__initial_sp 00000400

Symbol: __initial_sp
   Definitions
      At line 40 in file ..\..\BSP\KeilMDK\cstartup.s
   Uses
      At line 162 in file ..\..\BSP\KeilMDK\cstartup.s
      At line 342 in file ..\..\BSP\KeilMDK\cstartup.s

3 symbols



ARM Macro Assembler    Page 1 Alphabetic symbol ordering
Relocatable symbols

HEAP 00000000

Symbol: HEAP
   Definitions
      At line 53 in file ..\..\BSP\KeilMDK\cstartup.s
   Uses
      None
Comment: HEAP unused
Heap_Mem 00000000

Symbol: Heap_Mem
   Definitions
      At line 55 in file ..\..\BSP\KeilMDK\cstartup.s
   Uses
      None
Comment: Heap_Mem unused
__heap_base 00000000

Symbol: __heap_base
   Definitions
      At line 54 in file ..\..\BSP\KeilMDK\cstartup.s
   Uses
      At line 343 in file ..\..\BSP\KeilMDK\cstartup.s
Comment: __heap_base used once
__heap_limit 00000200

Symbol: __heap_limit
   Definitions
      At line 56 in file ..\..\BSP\KeilMDK\cstartup.s
   Uses
      At line 344 in file ..\..\BSP\KeilMDK\cstartup.s
Comment: __heap_limit used once
4 symbols



ARM Macro Assembler    Page 1 Alphabetic symbol ordering
Relocatable symbols

RESET 00000000

Symbol: RESET
   Definitions
      At line 65 in file ..\..\BSP\KeilMDK\cstartup.s
   Uses
      None
Comment: RESET unused
__Vectors 00000000

Symbol: __Vectors
   Definitions
      At line 162 in file ..\..\BSP\KeilMDK\cstartup.s
   Uses
      At line 66 in file ..\..\BSP\KeilMDK\cstartup.s
Comment: __Vectors used once
2 symbols



ARM Macro Assembler    Page 1 Alphabetic symbol ordering
Relocatable symbols

.text 00000000

Symbol: .text
   Definitions
      At line 277 in file ..\..\BSP\KeilMDK\cstartup.s
   Uses
      None
Comment: .text unused
App_BusFault_ISR 0000000A

Symbol: App_BusFault_ISR
   Definitions
      At line 314 in file ..\..\BSP\KeilMDK\cstartup.s
   Uses
      At line 167 in file ..\..\BSP\KeilMDK\cstartup.s
      At line 315 in file ..\..\BSP\KeilMDK\cstartup.s

App_Fault_ISR 00000006

Symbol: App_Fault_ISR
   Definitions
      At line 304 in file ..\..\BSP\KeilMDK\cstartup.s
   Uses
      At line 165 in file ..\..\BSP\KeilMDK\cstartup.s
      At line 305 in file ..\..\BSP\KeilMDK\cstartup.s

App_MemFault_ISR 00000008

Symbol: App_MemFault_ISR
   Definitions
      At line 309 in file ..\..\BSP\KeilMDK\cstartup.s
   Uses
      At line 166 in file ..\..\BSP\KeilMDK\cstartup.s
      At line 310 in file ..\..\BSP\KeilMDK\cstartup.s

App_NMI_ISR 00000004

Symbol: App_NMI_ISR
   Definitions
      At line 299 in file ..\..\BSP\KeilMDK\cstartup.s
   Uses
      At line 164 in file ..\..\BSP\KeilMDK\cstartup.s
      At line 300 in file ..\..\BSP\KeilMDK\cstartup.s

App_Reserved_ISR 00000010

Symbol: App_Reserved_ISR
   Definitions
      At line 329 in file ..\..\BSP\KeilMDK\cstartup.s
   Uses
      At line 330 in file ..\..\BSP\KeilMDK\cstartup.s
Comment: App_Reserved_ISR used once
App_Spurious_ISR 0000000E

Symbol: App_Spurious_ISR
   Definitions
      At line 324 in file ..\..\BSP\KeilMDK\cstartup.s
   Uses
      At line 169 in file ..\..\BSP\KeilMDK\cstartup.s



ARM Macro Assembler    Page 2 Alphabetic symbol ordering
Relocatable symbols

      At line 170 in file ..\..\BSP\KeilMDK\cstartup.s
      At line 171 in file ..\..\BSP\KeilMDK\cstartup.s
      At line 172 in file ..\..\BSP\KeilMDK\cstartup.s
      At line 173 in file ..\..\BSP\KeilMDK\cstartup.s
      At line 174 in file ..\..\BSP\KeilMDK\cstartup.s
      At line 175 in file ..\..\BSP\KeilMDK\cstartup.s
      At line 325 in file ..\..\BSP\KeilMDK\cstartup.s

App_UsageFault_ISR 0000000C

Symbol: App_UsageFault_ISR
   Definitions
      At line 319 in file ..\..\BSP\KeilMDK\cstartup.s
   Uses
      At line 168 in file ..\..\BSP\KeilMDK\cstartup.s
      At line 320 in file ..\..\BSP\KeilMDK\cstartup.s

Reset_Handler 00000000

Symbol: Reset_Handler
   Definitions
      At line 282 in file ..\..\BSP\KeilMDK\cstartup.s
   Uses
      At line 163 in file ..\..\BSP\KeilMDK\cstartup.s
      At line 283 in file ..\..\BSP\KeilMDK\cstartup.s

9 symbols



ARM Macro Assembler    Page 1 Alphabetic symbol ordering
Absolute symbols

HEAP_SIZE 00000200

Symbol: HEAP_SIZE
   Definitions
      At line 52 in file ..\..\BSP\KeilMDK\cstartup.s
   Uses
      At line 55 in file ..\..\BSP\KeilMDK\cstartup.s
Comment: HEAP_SIZE used once
STACK_SIZE 00000400

Symbol: STACK_SIZE
   Definitions
      At line 37 in file ..\..\BSP\KeilMDK\cstartup.s
   Uses
      At line 39 in file ..\..\BSP\KeilMDK\cstartup.s
Comment: STACK_SIZE used once
2 symbols



ARM Macro Assembler    Page 1 Alphabetic symbol ordering
External symbols

BSP_IntHandlerADC 00000000

Symbol: BSP_IntHandlerADC
   Definitions
      At line 85 in file ..\..\BSP\KeilMDK\cstartup.s
   Uses
      At line 198 in file ..\..\BSP\KeilMDK\cstartup.s
Comment: BSP_IntHandlerADC used once
BSP_IntHandlerCAN1_RX0 00000000

Symbol: BSP_IntHandlerCAN1_RX0
   Definitions
      At line 87 in file ..\..\BSP\KeilMDK\cstartup.s
   Uses
      At line 200 in file ..\..\BSP\KeilMDK\cstartup.s
Comment: BSP_IntHandlerCAN1_RX0 used once
BSP_IntHandlerCAN1_RX1 00000000

Symbol: BSP_IntHandlerCAN1_RX1
   Definitions
      At line 88 in file ..\..\BSP\KeilMDK\cstartup.s
   Uses
      At line 201 in file ..\..\BSP\KeilMDK\cstartup.s
Comment: BSP_IntHandlerCAN1_RX1 used once
BSP_IntHandlerCAN1_SCE 00000000

Symbol: BSP_IntHandlerCAN1_SCE
   Definitions
      At line 89 in file ..\..\BSP\KeilMDK\cstartup.s
   Uses
      At line 202 in file ..\..\BSP\KeilMDK\cstartup.s
Comment: BSP_IntHandlerCAN1_SCE used once
BSP_IntHandlerCAN1_TX 00000000

Symbol: BSP_IntHandlerCAN1_TX
   Definitions
      At line 86 in file ..\..\BSP\KeilMDK\cstartup.s
   Uses
      At line 199 in file ..\..\BSP\KeilMDK\cstartup.s
Comment: BSP_IntHandlerCAN1_TX used once
BSP_IntHandlerCAN2_RX0 00000000

Symbol: BSP_IntHandlerCAN2_RX0
   Definitions
      At line 131 in file ..\..\BSP\KeilMDK\cstartup.s
   Uses
      At line 248 in file ..\..\BSP\KeilMDK\cstartup.s
Comment: BSP_IntHandlerCAN2_RX0 used once
BSP_IntHandlerCAN2_RX1 00000000

Symbol: BSP_IntHandlerCAN2_RX1
   Definitions
      At line 132 in file ..\..\BSP\KeilMDK\cstartup.s
   Uses
      At line 249 in file ..\..\BSP\KeilMDK\cstartup.s
Comment: BSP_IntHandlerCAN2_RX1 used once
BSP_IntHandlerCAN2_SCE 00000000

Symbol: BSP_IntHandlerCAN2_SCE



ARM Macro Assembler    Page 2 Alphabetic symbol ordering
External symbols

   Definitions
      At line 133 in file ..\..\BSP\KeilMDK\cstartup.s
   Uses
      At line 250 in file ..\..\BSP\KeilMDK\cstartup.s
Comment: BSP_IntHandlerCAN2_SCE used once
BSP_IntHandlerCAN2_TX 00000000

Symbol: BSP_IntHandlerCAN2_TX
   Definitions
      At line 130 in file ..\..\BSP\KeilMDK\cstartup.s
   Uses
      At line 247 in file ..\..\BSP\KeilMDK\cstartup.s
Comment: BSP_IntHandlerCAN2_TX used once
BSP_IntHandlerCRYP 00000000

Symbol: BSP_IntHandlerCRYP
   Definitions
      At line 146 in file ..\..\BSP\KeilMDK\cstartup.s
   Uses
      At line 263 in file ..\..\BSP\KeilMDK\cstartup.s
Comment: BSP_IntHandlerCRYP used once
BSP_IntHandlerDCMI 00000000

Symbol: BSP_IntHandlerDCMI
   Definitions
      At line 145 in file ..\..\BSP\KeilMDK\cstartup.s
   Uses
      At line 262 in file ..\..\BSP\KeilMDK\cstartup.s
Comment: BSP_IntHandlerDCMI used once
BSP_IntHandlerDMA1_CH0 00000000

Symbol: BSP_IntHandlerDMA1_CH0
   Definitions
      At line 78 in file ..\..\BSP\KeilMDK\cstartup.s
   Uses
      At line 191 in file ..\..\BSP\KeilMDK\cstartup.s
Comment: BSP_IntHandlerDMA1_CH0 used once
BSP_IntHandlerDMA1_CH1 00000000

Symbol: BSP_IntHandlerDMA1_CH1
   Definitions
      At line 79 in file ..\..\BSP\KeilMDK\cstartup.s
   Uses
      At line 192 in file ..\..\BSP\KeilMDK\cstartup.s
Comment: BSP_IntHandlerDMA1_CH1 used once
BSP_IntHandlerDMA1_CH2 00000000

Symbol: BSP_IntHandlerDMA1_CH2
   Definitions
      At line 80 in file ..\..\BSP\KeilMDK\cstartup.s
   Uses
      At line 193 in file ..\..\BSP\KeilMDK\cstartup.s
Comment: BSP_IntHandlerDMA1_CH2 used once
BSP_IntHandlerDMA1_CH3 00000000

Symbol: BSP_IntHandlerDMA1_CH3
   Definitions
      At line 81 in file ..\..\BSP\KeilMDK\cstartup.s
   Uses



ARM Macro Assembler    Page 3 Alphabetic symbol ordering
External symbols

      At line 194 in file ..\..\BSP\KeilMDK\cstartup.s
Comment: BSP_IntHandlerDMA1_CH3 used once
BSP_IntHandlerDMA1_CH4 00000000

Symbol: BSP_IntHandlerDMA1_CH4
   Definitions
      At line 82 in file ..\..\BSP\KeilMDK\cstartup.s
   Uses
      At line 195 in file ..\..\BSP\KeilMDK\cstartup.s
Comment: BSP_IntHandlerDMA1_CH4 used once
BSP_IntHandlerDMA1_CH5 00000000

Symbol: BSP_IntHandlerDMA1_CH5
   Definitions
      At line 83 in file ..\..\BSP\KeilMDK\cstartup.s
   Uses
      At line 196 in file ..\..\BSP\KeilMDK\cstartup.s
Comment: BSP_IntHandlerDMA1_CH5 used once
BSP_IntHandlerDMA1_CH6 00000000

Symbol: BSP_IntHandlerDMA1_CH6
   Definitions
      At line 84 in file ..\..\BSP\KeilMDK\cstartup.s
   Uses
      At line 197 in file ..\..\BSP\KeilMDK\cstartup.s
Comment: BSP_IntHandlerDMA1_CH6 used once
BSP_IntHandlerDMA1_STREAM7 00000000

Symbol: BSP_IntHandlerDMA1_STREAM7
   Definitions
      At line 114 in file ..\..\BSP\KeilMDK\cstartup.s
   Uses
      At line 229 in file ..\..\BSP\KeilMDK\cstartup.s
Comment: BSP_IntHandlerDMA1_STREAM7 used once
BSP_IntHandlerDMA2D 00000000

Symbol: BSP_IntHandlerDMA2D
   Definitions
      At line 157 in file ..\..\BSP\KeilMDK\cstartup.s
   Uses
      At line 274 in file ..\..\BSP\KeilMDK\cstartup.s
Comment: BSP_IntHandlerDMA2D used once
BSP_IntHandlerDMA2_CH0 00000000

Symbol: BSP_IntHandlerDMA2_CH0
   Definitions
      At line 123 in file ..\..\BSP\KeilMDK\cstartup.s
   Uses
      At line 240 in file ..\..\BSP\KeilMDK\cstartup.s
Comment: BSP_IntHandlerDMA2_CH0 used once
BSP_IntHandlerDMA2_CH1 00000000

Symbol: BSP_IntHandlerDMA2_CH1
   Definitions
      At line 124 in file ..\..\BSP\KeilMDK\cstartup.s
   Uses
      At line 241 in file ..\..\BSP\KeilMDK\cstartup.s
Comment: BSP_IntHandlerDMA2_CH1 used once
BSP_IntHandlerDMA2_CH2 00000000



ARM Macro Assembler    Page 4 Alphabetic symbol ordering
External symbols


Symbol: BSP_IntHandlerDMA2_CH2
   Definitions
      At line 125 in file ..\..\BSP\KeilMDK\cstartup.s
   Uses
      At line 242 in file ..\..\BSP\KeilMDK\cstartup.s
Comment: BSP_IntHandlerDMA2_CH2 used once
BSP_IntHandlerDMA2_CH3 00000000

Symbol: BSP_IntHandlerDMA2_CH3
   Definitions
      At line 126 in file ..\..\BSP\KeilMDK\cstartup.s
   Uses
      At line 243 in file ..\..\BSP\KeilMDK\cstartup.s
Comment: BSP_IntHandlerDMA2_CH3 used once
BSP_IntHandlerDMA2_CH4 00000000

Symbol: BSP_IntHandlerDMA2_CH4
   Definitions
      At line 127 in file ..\..\BSP\KeilMDK\cstartup.s
   Uses
      At line 244 in file ..\..\BSP\KeilMDK\cstartup.s
Comment: BSP_IntHandlerDMA2_CH4 used once
BSP_IntHandlerDMA2_CH5 00000000

Symbol: BSP_IntHandlerDMA2_CH5
   Definitions
      At line 135 in file ..\..\BSP\KeilMDK\cstartup.s
   Uses
      At line 252 in file ..\..\BSP\KeilMDK\cstartup.s
Comment: BSP_IntHandlerDMA2_CH5 used once
BSP_IntHandlerDMA2_CH6 00000000

Symbol: BSP_IntHandlerDMA2_CH6
   Definitions
      At line 136 in file ..\..\BSP\KeilMDK\cstartup.s
   Uses
      At line 253 in file ..\..\BSP\KeilMDK\cstartup.s
Comment: BSP_IntHandlerDMA2_CH6 used once
BSP_IntHandlerDMA2_CH7 00000000

Symbol: BSP_IntHandlerDMA2_CH7
   Definitions
      At line 137 in file ..\..\BSP\KeilMDK\cstartup.s
   Uses
      At line 254 in file ..\..\BSP\KeilMDK\cstartup.s
Comment: BSP_IntHandlerDMA2_CH7 used once
BSP_IntHandlerETH 00000000

Symbol: BSP_IntHandlerETH
   Definitions
      At line 128 in file ..\..\BSP\KeilMDK\cstartup.s
   Uses
      At line 245 in file ..\..\BSP\KeilMDK\cstartup.s
Comment: BSP_IntHandlerETH used once
BSP_IntHandlerETHWakeup 00000000

Symbol: BSP_IntHandlerETHWakeup
   Definitions



ARM Macro Assembler    Page 5 Alphabetic symbol ordering
External symbols

      At line 129 in file ..\..\BSP\KeilMDK\cstartup.s
   Uses
      At line 246 in file ..\..\BSP\KeilMDK\cstartup.s
Comment: BSP_IntHandlerETHWakeup used once
BSP_IntHandlerEXTI0 00000000

Symbol: BSP_IntHandlerEXTI0
   Definitions
      At line 73 in file ..\..\BSP\KeilMDK\cstartup.s
   Uses
      At line 186 in file ..\..\BSP\KeilMDK\cstartup.s
Comment: BSP_IntHandlerEXTI0 used once
BSP_IntHandlerEXTI1 00000000

Symbol: BSP_IntHandlerEXTI1
   Definitions
      At line 74 in file ..\..\BSP\KeilMDK\cstartup.s
   Uses
      At line 187 in file ..\..\BSP\KeilMDK\cstartup.s
Comment: BSP_IntHandlerEXTI1 used once
BSP_IntHandlerEXTI15_10 00000000

Symbol: BSP_IntHandlerEXTI15_10
   Definitions
      At line 107 in file ..\..\BSP\KeilMDK\cstartup.s
   Uses
      At line 222 in file ..\..\BSP\KeilMDK\cstartup.s
Comment: BSP_IntHandlerEXTI15_10 used once
BSP_IntHandlerEXTI2 00000000

Symbol: BSP_IntHandlerEXTI2
   Definitions
      At line 75 in file ..\..\BSP\KeilMDK\cstartup.s
   Uses
      At line 188 in file ..\..\BSP\KeilMDK\cstartup.s
Comment: BSP_IntHandlerEXTI2 used once
BSP_IntHandlerEXTI3 00000000

Symbol: BSP_IntHandlerEXTI3
   Definitions
      At line 76 in file ..\..\BSP\KeilMDK\cstartup.s
   Uses
      At line 189 in file ..\..\BSP\KeilMDK\cstartup.s
Comment: BSP_IntHandlerEXTI3 used once
BSP_IntHandlerEXTI4 00000000

Symbol: BSP_IntHandlerEXTI4
   Definitions
      At line 77 in file ..\..\BSP\KeilMDK\cstartup.s
   Uses
      At line 190 in file ..\..\BSP\KeilMDK\cstartup.s
Comment: BSP_IntHandlerEXTI4 used once
BSP_IntHandlerEXTI9_5 00000000

Symbol: BSP_IntHandlerEXTI9_5
   Definitions
      At line 90 in file ..\..\BSP\KeilMDK\cstartup.s
   Uses
      At line 203 in file ..\..\BSP\KeilMDK\cstartup.s



ARM Macro Assembler    Page 6 Alphabetic symbol ordering
External symbols

Comment: BSP_IntHandlerEXTI9_5 used once
BSP_IntHandlerFLASH 00000000

Symbol: BSP_IntHandlerFLASH
   Definitions
      At line 71 in file ..\..\BSP\KeilMDK\cstartup.s
   Uses
      At line 184 in file ..\..\BSP\KeilMDK\cstartup.s
Comment: BSP_IntHandlerFLASH used once
BSP_IntHandlerFPU 00000000

Symbol: BSP_IntHandlerFPU
   Definitions
      At line 148 in file ..\..\BSP\KeilMDK\cstartup.s
   Uses
      At line 265 in file ..\..\BSP\KeilMDK\cstartup.s
Comment: BSP_IntHandlerFPU used once
BSP_IntHandlerFSMC 00000000

Symbol: BSP_IntHandlerFSMC
   Definitions
      At line 115 in file ..\..\BSP\KeilMDK\cstartup.s
   Uses
      At line 230 in file ..\..\BSP\KeilMDK\cstartup.s
Comment: BSP_IntHandlerFSMC used once
BSP_IntHandlerHASH_RNG 00000000

Symbol: BSP_IntHandlerHASH_RNG
   Definitions
      At line 147 in file ..\..\BSP\KeilMDK\cstartup.s
   Uses
      At line 264 in file ..\..\BSP\KeilMDK\cstartup.s
Comment: BSP_IntHandlerHASH_RNG used once
BSP_IntHandlerI2C1_ER 00000000

Symbol: BSP_IntHandlerI2C1_ER
   Definitions
      At line 99 in file ..\..\BSP\KeilMDK\cstartup.s
   Uses
      At line 214 in file ..\..\BSP\KeilMDK\cstartup.s
Comment: BSP_IntHandlerI2C1_ER used once
BSP_IntHandlerI2C1_EV 00000000

Symbol: BSP_IntHandlerI2C1_EV
   Definitions
      At line 98 in file ..\..\BSP\KeilMDK\cstartup.s
   Uses
      At line 213 in file ..\..\BSP\KeilMDK\cstartup.s
Comment: BSP_IntHandlerI2C1_EV used once
BSP_IntHandlerI2C2_ER 00000000

Symbol: BSP_IntHandlerI2C2_ER
   Definitions
      At line 101 in file ..\..\BSP\KeilMDK\cstartup.s
   Uses
      At line 216 in file ..\..\BSP\KeilMDK\cstartup.s
Comment: BSP_IntHandlerI2C2_ER used once
BSP_IntHandlerI2C2_EV 00000000




ARM Macro Assembler    Page 7 Alphabetic symbol ordering
External symbols

Symbol: BSP_IntHandlerI2C2_EV
   Definitions
      At line 100 in file ..\..\BSP\KeilMDK\cstartup.s
   Uses
      At line 215 in file ..\..\BSP\KeilMDK\cstartup.s
Comment: BSP_IntHandlerI2C2_EV used once
BSP_IntHandlerI2C3_ER 00000000

Symbol: BSP_IntHandlerI2C3_ER
   Definitions
      At line 140 in file ..\..\BSP\KeilMDK\cstartup.s
   Uses
      At line 257 in file ..\..\BSP\KeilMDK\cstartup.s
Comment: BSP_IntHandlerI2C3_ER used once
BSP_IntHandlerI2C3_EV 00000000

Symbol: BSP_IntHandlerI2C3_EV
   Definitions
      At line 139 in file ..\..\BSP\KeilMDK\cstartup.s
   Uses
      At line 256 in file ..\..\BSP\KeilMDK\cstartup.s
Comment: BSP_IntHandlerI2C3_EV used once
BSP_IntHandlerLTDC 00000000

Symbol: BSP_IntHandlerLTDC
   Definitions
      At line 155 in file ..\..\BSP\KeilMDK\cstartup.s
   Uses
      At line 272 in file ..\..\BSP\KeilMDK\cstartup.s
Comment: BSP_IntHandlerLTDC used once
BSP_IntHandlerLTDC_ER 00000000

Symbol: BSP_IntHandlerLTDC_ER
   Definitions
      At line 156 in file ..\..\BSP\KeilMDK\cstartup.s
   Uses
      At line 273 in file ..\..\BSP\KeilMDK\cstartup.s
Comment: BSP_IntHandlerLTDC_ER used once
BSP_IntHandlerOTG_FS 00000000

Symbol: BSP_IntHandlerOTG_FS
   Definitions
      At line 134 in file ..\..\BSP\KeilMDK\cstartup.s
   Uses
      At line 251 in file ..\..\BSP\KeilMDK\cstartup.s
Comment: BSP_IntHandlerOTG_FS used once
BSP_IntHandlerOTG_FS_WKUP 00000000

Symbol: BSP_IntHandlerOTG_FS_WKUP
   Definitions
      At line 109 in file ..\..\BSP\KeilMDK\cstartup.s
   Uses
      At line 224 in file ..\..\BSP\KeilMDK\cstartup.s
Comment: BSP_IntHandlerOTG_FS_WKUP used once
BSP_IntHandlerOTG_HS 00000000

Symbol: BSP_IntHandlerOTG_HS
   Definitions
      At line 144 in file ..\..\BSP\KeilMDK\cstartup.s



ARM Macro Assembler    Page 8 Alphabetic symbol ordering
External symbols

   Uses
      At line 261 in file ..\..\BSP\KeilMDK\cstartup.s
Comment: BSP_IntHandlerOTG_HS used once
BSP_IntHandlerOTG_HS_EP1_IN 00000000

Symbol: BSP_IntHandlerOTG_HS_EP1_IN
   Definitions
      At line 142 in file ..\..\BSP\KeilMDK\cstartup.s
   Uses
      At line 259 in file ..\..\BSP\KeilMDK\cstartup.s
Comment: BSP_IntHandlerOTG_HS_EP1_IN used once
BSP_IntHandlerOTG_HS_EP1_OUT 00000000

Symbol: BSP_IntHandlerOTG_HS_EP1_OUT
   Definitions
      At line 141 in file ..\..\BSP\KeilMDK\cstartup.s
   Uses
      At line 258 in file ..\..\BSP\KeilMDK\cstartup.s
Comment: BSP_IntHandlerOTG_HS_EP1_OUT used once
BSP_IntHandlerOTG_HS_WKUP 00000000

Symbol: BSP_IntHandlerOTG_HS_WKUP
   Definitions
      At line 143 in file ..\..\BSP\KeilMDK\cstartup.s
   Uses
      At line 260 in file ..\..\BSP\KeilMDK\cstartup.s
Comment: BSP_IntHandlerOTG_HS_WKUP used once
BSP_IntHandlerPVD 00000000

Symbol: BSP_IntHandlerPVD
   Definitions
      At line 68 in file ..\..\BSP\KeilMDK\cstartup.s
   Uses
      At line 181 in file ..\..\BSP\KeilMDK\cstartup.s
Comment: BSP_IntHandlerPVD used once
BSP_IntHandlerRCC 00000000

Symbol: BSP_IntHandlerRCC
   Definitions
      At line 72 in file ..\..\BSP\KeilMDK\cstartup.s
   Uses
      At line 185 in file ..\..\BSP\KeilMDK\cstartup.s
Comment: BSP_IntHandlerRCC used once
BSP_IntHandlerRTCAlarm 00000000

Symbol: BSP_IntHandlerRTCAlarm
   Definitions
      At line 108 in file ..\..\BSP\KeilMDK\cstartup.s
   Uses
      At line 223 in file ..\..\BSP\KeilMDK\cstartup.s
Comment: BSP_IntHandlerRTCAlarm used once
BSP_IntHandlerRTC_WKUP 00000000

Symbol: BSP_IntHandlerRTC_WKUP
   Definitions
      At line 70 in file ..\..\BSP\KeilMDK\cstartup.s
   Uses
      At line 183 in file ..\..\BSP\KeilMDK\cstartup.s
Comment: BSP_IntHandlerRTC_WKUP used once



ARM Macro Assembler    Page 9 Alphabetic symbol ordering
External symbols

BSP_IntHandlerSAI1 00000000

Symbol: BSP_IntHandlerSAI1
   Definitions
      At line 154 in file ..\..\BSP\KeilMDK\cstartup.s
   Uses
      At line 271 in file ..\..\BSP\KeilMDK\cstartup.s
Comment: BSP_IntHandlerSAI1 used once
BSP_IntHandlerSDIO 00000000

Symbol: BSP_IntHandlerSDIO
   Definitions
      At line 116 in file ..\..\BSP\KeilMDK\cstartup.s
   Uses
      At line 231 in file ..\..\BSP\KeilMDK\cstartup.s
Comment: BSP_IntHandlerSDIO used once
BSP_IntHandlerSPI1 00000000

Symbol: BSP_IntHandlerSPI1
   Definitions
      At line 102 in file ..\..\BSP\KeilMDK\cstartup.s
   Uses
      At line 217 in file ..\..\BSP\KeilMDK\cstartup.s
Comment: BSP_IntHandlerSPI1 used once
BSP_IntHandlerSPI2 00000000

Symbol: BSP_IntHandlerSPI2
   Definitions
      At line 103 in file ..\..\BSP\KeilMDK\cstartup.s
   Uses
      At line 218 in file ..\..\BSP\KeilMDK\cstartup.s
Comment: BSP_IntHandlerSPI2 used once
BSP_IntHandlerSPI3 00000000

Symbol: BSP_IntHandlerSPI3
   Definitions
      At line 118 in file ..\..\BSP\KeilMDK\cstartup.s
   Uses
      At line 233 in file ..\..\BSP\KeilMDK\cstartup.s
Comment: BSP_IntHandlerSPI3 used once
BSP_IntHandlerSPI4 00000000

Symbol: BSP_IntHandlerSPI4
   Definitions
      At line 151 in file ..\..\BSP\KeilMDK\cstartup.s
   Uses
      At line 268 in file ..\..\BSP\KeilMDK\cstartup.s
Comment: BSP_IntHandlerSPI4 used once
BSP_IntHandlerSPI5 00000000

Symbol: BSP_IntHandlerSPI5
   Definitions
      At line 152 in file ..\..\BSP\KeilMDK\cstartup.s
   Uses
      At line 269 in file ..\..\BSP\KeilMDK\cstartup.s
Comment: BSP_IntHandlerSPI5 used once
BSP_IntHandlerSPI6 00000000

Symbol: BSP_IntHandlerSPI6



ARM Macro Assembler    Page 10 Alphabetic symbol ordering
External symbols

   Definitions
      At line 153 in file ..\..\BSP\KeilMDK\cstartup.s
   Uses
      At line 270 in file ..\..\BSP\KeilMDK\cstartup.s
Comment: BSP_IntHandlerSPI6 used once
BSP_IntHandlerTAMP_STAMP 00000000

Symbol: BSP_IntHandlerTAMP_STAMP
   Definitions
      At line 69 in file ..\..\BSP\KeilMDK\cstartup.s
   Uses
      At line 182 in file ..\..\BSP\KeilMDK\cstartup.s
Comment: BSP_IntHandlerTAMP_STAMP used once
BSP_IntHandlerTIM1_BRK_TIM9 00000000

Symbol: BSP_IntHandlerTIM1_BRK_TIM9
   Definitions
      At line 91 in file ..\..\BSP\KeilMDK\cstartup.s
   Uses
      At line 204 in file ..\..\BSP\KeilMDK\cstartup.s
Comment: BSP_IntHandlerTIM1_BRK_TIM9 used once
BSP_IntHandlerTIM1_CC 00000000

Symbol: BSP_IntHandlerTIM1_CC
   Definitions
      At line 94 in file ..\..\BSP\KeilMDK\cstartup.s
   Uses
      At line 209 in file ..\..\BSP\KeilMDK\cstartup.s
Comment: BSP_IntHandlerTIM1_CC used once
BSP_IntHandlerTIM1_TRG_COM_TIM11 00000000

Symbol: BSP_IntHandlerTIM1_TRG_COM_TIM11
   Definitions
      At line 93 in file ..\..\BSP\KeilMDK\cstartup.s
   Uses
      At line 206 in file ..\..\BSP\KeilMDK\cstartup.s
Comment: BSP_IntHandlerTIM1_TRG_COM_TIM11 used once
BSP_IntHandlerTIM1_UP_TIM10 00000000

Symbol: BSP_IntHandlerTIM1_UP_TIM10
   Definitions
      At line 92 in file ..\..\BSP\KeilMDK\cstartup.s
   Uses
      At line 205 in file ..\..\BSP\KeilMDK\cstartup.s
Comment: BSP_IntHandlerTIM1_UP_TIM10 used once
BSP_IntHandlerTIM2 00000000

Symbol: BSP_IntHandlerTIM2
   Definitions
      At line 95 in file ..\..\BSP\KeilMDK\cstartup.s
   Uses
      At line 210 in file ..\..\BSP\KeilMDK\cstartup.s
Comment: BSP_IntHandlerTIM2 used once
BSP_IntHandlerTIM3 00000000

Symbol: BSP_IntHandlerTIM3
   Definitions
      At line 96 in file ..\..\BSP\KeilMDK\cstartup.s
   Uses



ARM Macro Assembler    Page 11 Alphabetic symbol ordering
External symbols

      At line 211 in file ..\..\BSP\KeilMDK\cstartup.s
Comment: BSP_IntHandlerTIM3 used once
BSP_IntHandlerTIM4 00000000

Symbol: BSP_IntHandlerTIM4
   Definitions
      At line 97 in file ..\..\BSP\KeilMDK\cstartup.s
   Uses
      At line 212 in file ..\..\BSP\KeilMDK\cstartup.s
Comment: BSP_IntHandlerTIM4 used once
BSP_IntHandlerTIM5 00000000

Symbol: BSP_IntHandlerTIM5
   Definitions
      At line 117 in file ..\..\BSP\KeilMDK\cstartup.s
   Uses
      At line 232 in file ..\..\BSP\KeilMDK\cstartup.s
Comment: BSP_IntHandlerTIM5 used once
BSP_IntHandlerTIM6_DAC 00000000

Symbol: BSP_IntHandlerTIM6_DAC
   Definitions
      At line 121 in file ..\..\BSP\KeilMDK\cstartup.s
   Uses
      At line 236 in file ..\..\BSP\KeilMDK\cstartup.s
Comment: BSP_IntHandlerTIM6_DAC used once
BSP_IntHandlerTIM7 00000000

Symbol: BSP_IntHandlerTIM7
   Definitions
      At line 122 in file ..\..\BSP\KeilMDK\cstartup.s
   Uses
      At line 239 in file ..\..\BSP\KeilMDK\cstartup.s
Comment: BSP_IntHandlerTIM7 used once
BSP_IntHandlerTIM8_BRK_TIM12 00000000

Symbol: BSP_IntHandlerTIM8_BRK_TIM12
   Definitions
      At line 110 in file ..\..\BSP\KeilMDK\cstartup.s
   Uses
      At line 225 in file ..\..\BSP\KeilMDK\cstartup.s
Comment: BSP_IntHandlerTIM8_BRK_TIM12 used once
BSP_IntHandlerTIM8_CC 00000000

Symbol: BSP_IntHandlerTIM8_CC
   Definitions
      At line 113 in file ..\..\BSP\KeilMDK\cstartup.s
   Uses
      At line 228 in file ..\..\BSP\KeilMDK\cstartup.s
Comment: BSP_IntHandlerTIM8_CC used once
BSP_IntHandlerTIM8_TRG_COM_TIM14 00000000

Symbol: BSP_IntHandlerTIM8_TRG_COM_TIM14
   Definitions
      At line 112 in file ..\..\BSP\KeilMDK\cstartup.s
   Uses
      At line 227 in file ..\..\BSP\KeilMDK\cstartup.s
Comment: BSP_IntHandlerTIM8_TRG_COM_TIM14 used once
BSP_IntHandlerTIM8_UP_TIM13 00000000



ARM Macro Assembler    Page 12 Alphabetic symbol ordering
External symbols


Symbol: BSP_IntHandlerTIM8_UP_TIM13
   Definitions
      At line 111 in file ..\..\BSP\KeilMDK\cstartup.s
   Uses
      At line 226 in file ..\..\BSP\KeilMDK\cstartup.s
Comment: BSP_IntHandlerTIM8_UP_TIM13 used once
BSP_IntHandlerUART7 00000000

Symbol: BSP_IntHandlerUART7
   Definitions
      At line 149 in file ..\..\BSP\KeilMDK\cstartup.s
   Uses
      At line 266 in file ..\..\BSP\KeilMDK\cstartup.s
Comment: BSP_IntHandlerUART7 used once
BSP_IntHandlerUART8 00000000

Symbol: BSP_IntHandlerUART8
   Definitions
      At line 150 in file ..\..\BSP\KeilMDK\cstartup.s
   Uses
      At line 267 in file ..\..\BSP\KeilMDK\cstartup.s
Comment: BSP_IntHandlerUART8 used once
BSP_IntHandlerUSART1 00000000

Symbol: BSP_IntHandlerUSART1
   Definitions
      At line 104 in file ..\..\BSP\KeilMDK\cstartup.s
   Uses
      At line 219 in file ..\..\BSP\KeilMDK\cstartup.s
Comment: BSP_IntHandlerUSART1 used once
BSP_IntHandlerUSART2 00000000

Symbol: BSP_IntHandlerUSART2
   Definitions
      At line 105 in file ..\..\BSP\KeilMDK\cstartup.s
   Uses
      At line 220 in file ..\..\BSP\KeilMDK\cstartup.s
Comment: BSP_IntHandlerUSART2 used once
BSP_IntHandlerUSART3 00000000

Symbol: BSP_IntHandlerUSART3
   Definitions
      At line 106 in file ..\..\BSP\KeilMDK\cstartup.s
   Uses
      At line 221 in file ..\..\BSP\KeilMDK\cstartup.s
Comment: BSP_IntHandlerUSART3 used once
BSP_IntHandlerUSART4 00000000

Symbol: BSP_IntHandlerUSART4
   Definitions
      At line 119 in file ..\..\BSP\KeilMDK\cstartup.s
   Uses
      At line 234 in file ..\..\BSP\KeilMDK\cstartup.s
Comment: BSP_IntHandlerUSART4 used once
BSP_IntHandlerUSART5 00000000

Symbol: BSP_IntHandlerUSART5
   Definitions



ARM Macro Assembler    Page 13 Alphabetic symbol ordering
External symbols

      At line 120 in file ..\..\BSP\KeilMDK\cstartup.s
   Uses
      At line 235 in file ..\..\BSP\KeilMDK\cstartup.s
Comment: BSP_IntHandlerUSART5 used once
BSP_IntHandlerUSART6 00000000

Symbol: BSP_IntHandlerUSART6
   Definitions
      At line 138 in file ..\..\BSP\KeilMDK\cstartup.s
   Uses
      At line 255 in file ..\..\BSP\KeilMDK\cstartup.s
Comment: BSP_IntHandlerUSART6 used once
BSP_IntHandlerWWDG 00000000

Symbol: BSP_IntHandlerWWDG
   Definitions
      At line 67 in file ..\..\BSP\KeilMDK\cstartup.s
   Uses
      At line 180 in file ..\..\BSP\KeilMDK\cstartup.s
Comment: BSP_IntHandlerWWDG used once
OS_CPU_PendSVHandler 00000000

Symbol: OS_CPU_PendSVHandler
   Definitions
      At line 159 in file ..\..\BSP\KeilMDK\cstartup.s
   Uses
      At line 176 in file ..\..\BSP\KeilMDK\cstartup.s
Comment: OS_CPU_PendSVHandler used once
OS_CPU_SysTickHandler 00000000

Symbol: OS_CPU_SysTickHandler
   Definitions
      At line 160 in file ..\..\BSP\KeilMDK\cstartup.s
   Uses
      At line 177 in file ..\..\BSP\KeilMDK\cstartup.s
Comment: OS_CPU_SysTickHandler used once
__main 00000000

Symbol: __main
   Definitions
      At line 284 in file ..\..\BSP\KeilMDK\cstartup.s
   Uses
      At line 293 in file ..\..\BSP\KeilMDK\cstartup.s
Comment: __main used once
94 symbols
448 symbols in table
