Product: MDK-ARM Standard 5.10
Component: ARM Compiler 5.04 update 1 (build 49)
Tool: armlink [5040049]

==============================================================================

Section Cross References

    task_gui.o(.text) refers to os_time.o(.text) for OSTimeGet
    task_gui.o(.text) refers to stm32f4xx_rcc.o(.text) for RCC_AHB1PeriphClockCmd
    task_gui.o(.text) refers to bsplcddrive.o(.text) for Lcd_Init
    task_gui.o(.text) refers to bsp_touch_spi.o(.text) for Touch_Init
    task_gui.o(.text) refers to wm_setcreateflags.o(i.WM_SetCreateFlags) for WM_SetCreateFlags
    task_gui.o(.text) refers to gui_core.o(i.GUI_Init) for GUI_Init
    task_gui.o(.text) refers to gui_core.o(i.GUI_Clear) for GUI_Clear
    task_gui.o(.text) refers to gui_fist_page.o(.text) for backWIn_init
    task_gui.o(.text) refers to gui_drawesing.o(.text) for Draw_init
    task_gui.o(.text) refers to gui_selectlayer.o(i.GUI_SelectLayer) for GUI_SelectLayer
    task_gui.o(.text) refers to gui_touch_storestate.o(i.GUI_TOUCH_SetLayer) for GUI_TOUCH_SetLayer
    task_gui.o(.text) refers to gui_getcolor.o(i.GUI_GetBkColor) for GUI_GetBkColor
    task_gui.o(.text) refers to gui_setcolor.o(i.GUI_SetBkColor) for GUI_SetBkColor
    task_gui.o(.text) refers to gui_setfont.o(i.GUI_SetFont) for GUI_SetFont
    task_gui.o(.text) refers to gui_dispstringat.o(i.GUI_DispStringAt) for GUI_DispStringAt
    task_gui.o(.text) refers to gui_val.o(i.GUI_DispDec) for GUI_DispDec
    task_gui.o(.text) refers to gui_goto.o(i.GUI_GotoXY) for GUI_GotoXY
    task_gui.o(.text) refers to gui_valf.o(i.GUI_DispFloat) for GUI_DispFloat
    task_gui.o(.text) refers to gui_time.o(i.GUI_Delay) for GUI_Delay
    task_gui.o(.text) refers to lcd_interface.o(.text) for showShuJu
    task_gui.o(.text) refers to gui_touch_driveranalog.o(i.GUI_TOUCH_Exec) for GUI_TOUCH_Exec
    task_gui.o(.text) refers to bsp_os.o(.text) for BSP_OS_TimeDly
    task_gui.o(.text) refers to gui_fist_page.o(.data) for pageChangFlag
    task_gui.o(.text) refers to f8x16.o(.constdata) for GUI_Font8x16
    task_gui.o(.text) refers to task_dateconnected.o(.bss) for getInformation
    lcd_interface.o(.text) refers to gui_setcolor.o(i.GUI_SetColor) for GUI_SetColor
    lcd_interface.o(.text) refers to lcd_getex.o(i.LCD_GetXSize) for LCD_GetXSize
    lcd_interface.o(.text) refers to gui_setfont.o(i.GUI_SetFont) for GUI_SetFont
    lcd_interface.o(.text) refers to gui_goto.o(i.GUI_GotoXY) for GUI_GotoXY
    lcd_interface.o(.text) refers to gui_valf.o(i.GUI_DispFloat) for GUI_DispFloat
    lcd_interface.o(.text) refers to gui_uc_encodeutf8.o(i.GUI_UC_SetEncodeUTF8) for GUI_UC_SetEncodeUTF8
    lcd_interface.o(.text) refers to gui_dispstringhcenter.o(i.GUI_DispStringHCenterAt) for GUI_DispStringHCenterAt
    lcd_interface.o(.text) refers to gui_char.o(i.GUI_DispNextLine) for GUI_DispNextLine
    lcd_interface.o(.text) refers to gui_dispstringat.o(i.GUI_DispStringAt) for GUI_DispStringAt
    lcd_interface.o(.text) refers to lcd_getex.o(i.LCD_GetYSize) for LCD_GetYSize
    lcd_interface.o(.text) refers to gui_drawhline.o(i.GUI_DrawHLine) for GUI_DrawHLine
    lcd_interface.o(.text) refers to gui_drawvline.o(i.GUI_DrawVLine) for GUI_DrawVLine
    lcd_interface.o(.text) refers to f8x16.o(.constdata) for GUI_Font8x16
    lcd_interface.o(.text) refers to task_dateconnected.o(.bss) for getInformation
    lcd_interface.o(.text) refers to lcd_interface.o(.constdata) for GUI_Fontnongyeyun48
    lcd_interface.o(.text) refers to lcd_interface.o(.data) for _S_tile
    lcd_interface.o(.constdata) refers to gui_charp.o(i.GUIPROP_DispChar) for GUIPROP_DispChar
    lcd_interface.o(.constdata) refers to gui_charp.o(i.GUIPROP_GetCharDistX) for GUIPROP_GetCharDistX
    lcd_interface.o(.constdata) refers to gui_charp.o(i.GUIPROP_GetFontInfo) for GUIPROP_GetFontInfo
    lcd_interface.o(.constdata) refers to gui_charp.o(i.GUIPROP_IsInFont) for GUIPROP_IsInFont
    lcd_interface.o(.data) refers to lcd_interface.o(.conststring) for .conststring
    gui_fist_page.o(.text) refers to gui_core.o(i.GUI_Clear) for GUI_Clear
    gui_fist_page.o(.text) refers to lcd_interface.o(.text) for FistPageDrawLine
    gui_fist_page.o(.text) refers to gui_touch.o(i.GUI_TOUCH_GetState) for GUI_TOUCH_GetState
    gui_fist_page.o(.text) refers to wm.o(i.WM_DefaultProc) for WM_DefaultProc
    gui_fist_page.o(.text) refers to gui_selectlayer.o(i.GUI_SelectLayer) for GUI_SelectLayer
    gui_fist_page.o(.text) refers to gui_touch_storestate.o(i.GUI_TOUCH_SetLayer) for GUI_TOUCH_SetLayer
    gui_fist_page.o(.text) refers to wm_getdesktopwindow.o(i.WM_GetDesktopWindow) for WM_GetDesktopWindow
    gui_fist_page.o(.text) refers to wm_setcallback.o(i.WM_SetCallback) for WM_SetCallback
    gui_fist_page.o(.text) refers to gui_time.o(i.GUI_Delay) for GUI_Delay
    gui_fist_page.o(.text) refers to gui_fist_page.o(.data) for pageChangFlag
    gui_drawesing.o(.text) refers to gui_getcolor.o(i.GUI_GetBkColor) for GUI_GetBkColor
[...]
    0x080110c4   0x00000124   Code   RO         2961    i.GUI_MEMDEV_Draw   STemWin522_CM4_OS_Keil.lib(guidev_banding.o)
    0x080111e8   0x00000032   Code   RO         2946    i.GUI_MEMDEV_GetBitsPerPixel  STemWin522_CM4_OS_Keil.lib(guidev.o)
    0x0801121a   0x00000022   Code   RO         3510    i.GUI_MEMDEV_GetDataPtr  STemWin522_CM4_OS_Keil.lib(guidev_getdataptr.o)
    0x0801123c   0x00000034   Code   RO         3518    i.GUI_MEMDEV_GetYSize  STemWin522_CM4_OS_Keil.lib(guidev_getysize.o)
    0x08011270   0x00000014   Code   RO         2972    i.GUI_MEMDEV_Paint1Static  STemWin522_CM4_OS_Keil.lib(guidev_staticdevices.o)
    0x08011284   0x00000038   Code   RO         3520    i.GUI_MEMDEV_ReduceYSize  STemWin522_CM4_OS_Keil.lib(guidev_reduceysize.o)
    0x080112bc   0x0000005c   Code   RO         2948    i.GUI_MEMDEV_Select  STemWin522_CM4_OS_Keil.lib(guidev.o)
    0x08011318   0x00000064   Code   RO         3522    i.GUI_MEMDEV_SetOrg  STemWin522_CM4_OS_Keil.lib(guidev_setorg.o)
    0x0801137c   0x0000000c   Code   RO         3537    i.GUI_MEMDEV_Write  STemWin522_CM4_OS_Keil.lib(guidev_write.o)
    0x08011388   0x00000068   Code   RO         3538    i.GUI_MEMDEV_WriteAt  STemWin522_CM4_OS_Keil.lib(guidev_write.o)
    0x080113f0   0x000000ec   Code   RO         2949    i.GUI_MEMDEV__CreateFixed  STemWin522_CM4_OS_Keil.lib(guidev.o)
    0x080114dc   0x00000118   Code   RO         3777    i.GUI_MEMDEV__WriteToActiveAlpha  STemWin522_CM4_OS_Keil.lib(guidev_writetoactivealpha.o)
    0x080115f4   0x00000030   Code   RO         2950    i.GUI_MEMDEV__WriteToActiveAt  STemWin522_CM4_OS_Keil.lib(guidev.o)
    0x08011624   0x0000003c   Code   RO         2995    i.GUI_MEMDEV__WriteToActiveOpaque  STemWin522_CM4_OS_Keil.lib(guidev_writetoactiveopaque.o)
    0x08011660   0x00000058   Code   RO         2773    i.GUI_MergeRect     STemWin522_CM4_OS_Keil.lib(gui_mergerect.o)
    0x080116b8   0x0000001e   Code   RO         2775    i.GUI_MoveRect      STemWin522_CM4_OS_Keil.lib(gui_moverect.o)
    0x080116d6   0x00000002   PAD
    0x080116d8   0x0000004c   Code   RO         2798    i.GUI_PID_GetState  STemWin522_CM4_OS_Keil.lib(gui_pid.o)
    0x08011724   0x00000018   Code   RO         2799    i.GUI_PID_IsEmpty   STemWin522_CM4_OS_Keil.lib(gui_pid.o)
    0x0801173c   0x0000001c   Code   RO         2801    i.GUI_PID_StoreState  STemWin522_CM4_OS_Keil.lib(gui_pid.o)
    0x08011758   0x00000034   Code   RO         2780    i.GUI_PollKeyMsg    STemWin522_CM4_OS_Keil.lib(gui_onkey.o)
    0x0801178c   0x00000060   Code   RO         3768    i.GUI_ReadRectEx    STemWin522_CM4_OS_Keil.lib(lcd_readrect.o)
    0x080117ec   0x00000038   Code   RO         2815    i.GUI_RectsIntersect  STemWin522_CM4_OS_Keil.lib(gui_rectsintersect.o)
    0x08011824   0x00000010   Code   RO         2817    i.GUI_RestoreContext  STemWin522_CM4_OS_Keil.lib(gui_savecontext.o)
    0x08011834   0x00000022   Code   RO         3676    i.GUI_SPRITE_SetPosition  STemWin522_CM4_OS_Keil.lib(gui_sprite.o)
    0x08011856   0x00000002   PAD
    0x08011858   0x00000010   Code   RO         2818    i.GUI_SaveContext_W  STemWin522_CM4_OS_Keil.lib(gui_savecontext.o)
    0x08011868   0x0000001a   Code   RO         2821    i.GUI_SelectLCD     STemWin522_CM4_OS_Keil.lib(gui_selectlcd.o)
    0x08011882   0x00000002   PAD
    0x08011884   0x00000030   Code   RO         2104    i.GUI_SelectLayer   STemWin522_CM4_OS_Keil.lib(gui_selectlayer.o)
    0x080118b4   0x00000016   Code   RO         2118    i.GUI_SetBkColor    STemWin522_CM4_OS_Keil.lib(gui_setcolor.o)
    0x080118ca   0x00000016   Code   RO         2119    i.GUI_SetColor      STemWin522_CM4_OS_Keil.lib(gui_setcolor.o)
    0x080118e0   0x0000000c   Code   RO         2021    i.GUI_SetDefaultFont  STemWin522_CM4_OS_Keil.lib(gui_core.o)
    0x080118ec   0x00000018   Code   RO         3392    i.GUI_SetDrawMode   STemWin522_CM4_OS_Keil.lib(gui_setdrawmode.o)
    0x08011904   0x00000020   Code   RO         2122    i.GUI_SetFont       STemWin522_CM4_OS_Keil.lib(gui_setfont.o)
    0x08011924   0x00000020   Code   RO         2106    i.GUI_SetLayerPosEx  STemWin522_CM4_OS_Keil.lib(gui_selectlayer.o)
    0x08011944   0x0000001c   Code   RO         2827    i.GUI_SetLineStyle  STemWin522_CM4_OS_Keil.lib(gui_setlinestyle.o)
    0x08011960   0x00000040   Code   RO         2829    i.GUI_SetOrg        STemWin522_CM4_OS_Keil.lib(gui_setorg.o)
    0x080119a0   0x0000001c   Code   RO         2096    i.GUI_SetPenSize    STemWin522_CM4_OS_Keil.lib(gui_pen.o)
    0x080119bc   0x00000020   Code   RO         2831    i.GUI_SetTextAlign  STemWin522_CM4_OS_Keil.lib(gui_settextalign.o)
    0x080119dc   0x00000020   Code   RO         2833    i.GUI_SetTextMode   STemWin522_CM4_OS_Keil.lib(gui_settextmode.o)
    0x080119fc   0x00000010   Code   RO         2869    i.GUI_SignalEvent   STemWin522_CM4_OS_Keil.lib(gui_waitevent.o)
    0x08011a0c   0x00000010   Code   RO         2782    i.GUI_StoreKey      STemWin522_CM4_OS_Keil.lib(gui_onkey.o)
    0x08011a1c   0x00000090   Code   RO         3394    i.GUI_TIMER_Create  STemWin522_CM4_OS_Keil.lib(gui_timer.o)
    0x08011aac   0x00000026   Code   RO         3395    i.GUI_TIMER_Delete  STemWin522_CM4_OS_Keil.lib(gui_timer.o)
    0x08011ad2   0x00000002   PAD
    0x08011ad4   0x00000074   Code   RO         3396    i.GUI_TIMER_Exec    STemWin522_CM4_OS_Keil.lib(gui_timer.o)
    0x08011b48   0x00000032   Code   RO         3397    i.GUI_TIMER_GetFlag  STemWin522_CM4_OS_Keil.lib(gui_timer.o)
    0x08011b7a   0x00000038   Code   RO         3399    i.GUI_TIMER_Restart  STemWin522_CM4_OS_Keil.lib(gui_timer.o)
    0x08011bb2   0x00000022   Code   RO         3401    i.GUI_TIMER_SetPeriod  STemWin522_CM4_OS_Keil.lib(gui_timer.o)
    0x08011bd4   0x00000028   Code   RO         3403    i.GUI_TIMER__GetFirstTimer  STemWin522_CM4_OS_Keil.lib(gui_timer.o)
    0x08011bfc   0x00000036   Code   RO         3405    i.GUI_TIMER__GetNextTimerLin  STemWin522_CM4_OS_Keil.lib(gui_timer.o)
    0x08011c32   0x00000002   PAD
    0x08011c34   0x000000b0   Code   RO         2133    i.GUI_TOUCH_Calibrate  STemWin522_CM4_OS_Keil.lib(gui_touch_driveranalog.o)
    0x08011ce4   0x0000015c   Code   RO         2134    i.GUI_TOUCH_Exec    STemWin522_CM4_OS_Keil.lib(gui_touch_driveranalog.o)
    0x08011e40   0x00000018   Code   RO         2128    i.GUI_TOUCH_GetState  STemWin522_CM4_OS_Keil.lib(gui_touch.o)
    0x08011e58   0x0000000c   Code   RO         2157    i.GUI_TOUCH_SetLayer  STemWin522_CM4_OS_Keil.lib(gui_touch_storestate.o)
    0x08011e64   0x00000024   Code   RO         2158    i.GUI_TOUCH_StoreState  STemWin522_CM4_OS_Keil.lib(gui_touch_storestate.o)
    0x08011e88   0x00000028   Code   RO         2129    i.GUI_TOUCH_StoreStateEx  STemWin522_CM4_OS_Keil.lib(gui_touch.o)
    0x08011eb0   0x00000030   Code   RO         2851    i.GUI_TOUCH_StoreUnstable  STemWin522_CM4_OS_Keil.lib(gui_touch_storeunstable.o)
    0x08011ee0   0x0000001c   Code   RO         2162    i.GUI_UC_SetEncodeUTF8  STemWin522_CM4_OS_Keil.lib(gui_uc_encodeutf8.o)
    0x08011efc   0x0000002c   Code   RO         3435    i.GUI_UC__GetCharCodeInc  STemWin522_CM4_OS_Keil.lib(gui_uc.o)
    0x08011f28   0x00000028   Code   RO         3437    i.GUI_UC__NumChars2NumBytes  STemWin522_CM4_OS_Keil.lib(gui_uc.o)
    0x08011f50   0x00000028   Code   RO         2989    i.GUI_USAGE_AddRect  STemWin522_CM4_OS_Keil.lib(guidev_usage.o)
    0x08011f78   0x00000074   Code   RO         3524    i.GUI_USAGE_BM_AddHLine  STemWin522_CM4_OS_Keil.lib(guidev_usagebm.o)
    0x08011fec   0x0000002c   Code   RO         3525    i.GUI_USAGE_BM_AddPixel  STemWin522_CM4_OS_Keil.lib(guidev_usagebm.o)
    0x08012018   0x0000000e   Code   RO         3526    i.GUI_USAGE_BM_Clear  STemWin522_CM4_OS_Keil.lib(guidev_usagebm.o)
    0x08012026   0x00000002   PAD
    0x08012028   0x0000005c   Code   RO         3527    i.GUI_USAGE_BM_Create  STemWin522_CM4_OS_Keil.lib(guidev_usagebm.o)
    0x08012084   0x000000be   Code   RO         3528    i.GUI_USAGE_BM_GetNextDirty  STemWin522_CM4_OS_Keil.lib(guidev_usagebm.o)
    0x08012142   0x0000002c   Code   RO         2990    i.GUI_USAGE_DecUseCnt  STemWin522_CM4_OS_Keil.lib(guidev_usage.o)
    0x0801216e   0x00000002   PAD
    0x08012170   0x00000014   Code   RO         2840    i.GUI_Unlock        STemWin522_CM4_OS_Keil.lib(gui_task.o)
    0x08012184   0x00000016   Code   RO         3229    i.GUI__AllocAlphaBuffer  STemWin522_CM4_OS_Keil.lib(gui__alpha.o)
    0x0801219a   0x00000002   PAD
    0x0801219c   0x00000024   Code   RO         3325    i.GUI__AlphaSuppressMixing  STemWin522_CM4_OS_Keil.lib(gui_setalpha.o)
    0x080121c0   0x00000128   Code   RO         3247    i.GUI__CompactPixelIndices  STemWin522_CM4_OS_Keil.lib(gui__compactpixelindices.o)
    0x080122e8   0x00000174   Code   RO         3248    i.GUI__CompactPixelIndicesEx  STemWin522_CM4_OS_Keil.lib(gui__compactpixelindices.o)
    0x0801245c   0x00000034   Code   RO         2023    i.GUI__Config       STemWin522_CM4_OS_Keil.lib(gui_core.o)
    0x08012490   0x000000b0   Code   RO         3257    i.GUI__DispLine     STemWin522_CM4_OS_Keil.lib(gui_charline.o)
    0x08012540   0x0000001a   Code   RO         3251    i.GUI__DivideRound32  STemWin522_CM4_OS_Keil.lib(gui__divideround32.o)
    0x0801255a   0x00000002   PAD
    0x0801255c   0x000001bc   Code   RO         3230    i.GUI__DoAlphaBlending  STemWin522_CM4_OS_Keil.lib(gui__alpha.o)
    0x08012718   0x00000140   Code   RO         3638    i.GUI__ExpandPixelIndicesEx  STemWin522_CM4_OS_Keil.lib(gui__expandpixelindices.o)
    0x08012858   0x00000090   Code   RO         3231    i.GUI__GetAlphaBuffer  STemWin522_CM4_OS_Keil.lib(gui__alpha.o)
    0x080128e8   0x00000014   Code   RO         3253    i.GUI__GetFontSizeY  STemWin522_CM4_OS_Keil.lib(gui__getfontsizey.o)
    0x080128fc   0x00000054   Code   RO         3258    i.GUI__GetLineDistX  STemWin522_CM4_OS_Keil.lib(gui_charline.o)
    0x08012950   0x00000038   Code   RO         3259    i.GUI__GetLineNumChars  STemWin522_CM4_OS_Keil.lib(gui_charline.o)
    0x08012988   0x0000001c   Code   RO         3319    i.GUI__GetOrg       STemWin522_CM4_OS_Keil.lib(gui_getorg.o)
    0x080129a4   0x00000018   Code   RO         3260    i.GUI__GetOverlap   STemWin522_CM4_OS_Keil.lib(gui_charline.o)
    0x080129bc   0x0000003a   Code   RO         2690    i.GUI__IntersectRect  STemWin522_CM4_OS_Keil.lib(gui__intersectrect.o)
    0x080129f6   0x00000052   Code   RO         2692    i.GUI__IntersectRects  STemWin522_CM4_OS_Keil.lib(gui__intersectrects.o)
    0x08012a48   0x00000010   Code   RO         2694    i.GUI__ManageCache  STemWin522_CM4_OS_Keil.lib(gui__managecache.o)
    0x08012a58   0x000000ac   Code   RO         2695    i.GUI__ManageCacheEx  STemWin522_CM4_OS_Keil.lib(gui__managecache.o)
    0x08012b04   0x00000066   Code   RO         3232    i.GUI__MixColors    STemWin522_CM4_OS_Keil.lib(gui__alpha.o)
    0x08012b6a   0x0000004e   Code   RO         3233    i.GUI__MixColorsBulk  STemWin522_CM4_OS_Keil.lib(gui__alpha.o)
    0x08012bb8   0x0000001a   Code   RO         2703    i.GUI__ReduceRect   STemWin522_CM4_OS_Keil.lib(gui__reducerect.o)
    0x08012bd2   0x00000002   PAD
    0x08012bd4   0x00000010   Code   RO         2024    i.GUI__RegisterExit  STemWin522_CM4_OS_Keil.lib(gui_core.o)
    0x08012be4   0x0000004c   Code   RO         2699    i.GUI__memset       STemWin522_CM4_OS_Keil.lib(gui__memset.o)
    0x08012c30   0x0000003a   Code   RO         2701    i.GUI__memset16     STemWin522_CM4_OS_Keil.lib(gui__memset16.o)
    0x08012c6a   0x00000008   Code   RO         2742    i.GUI_cos           STemWin522_CM4_OS_Keil.lib(gui_drawline.o)
    0x08012c72   0x00000002   PAD
    0x08012c74   0x00000054   Code   RO         2743    i.GUI_sin           STemWin522_CM4_OS_Keil.lib(gui_drawline.o)
    0x08012cc8   0x00000010   Code   RO         3757    i.LCD_AA_SetAndMask  STemWin522_CM4_OS_Keil.lib(lcd_aa.o)
    0x08012cd8   0x0000001c   Code   RO         2881    i.LCD_Color2Index   STemWin522_CM4_OS_Keil.lib(lcd.o)
    0x08012cf4   0x00000208   Code   RO         2882    i.LCD_DrawBitmap    STemWin522_CM4_OS_Keil.lib(lcd.o)
    0x08012efc   0x00000058   Code   RO         2883    i.LCD_DrawHLine     STemWin522_CM4_OS_Keil.lib(lcd.o)
    0x08012f54   0x00000068   Code   RO         2884    i.LCD_DrawPixel     STemWin522_CM4_OS_Keil.lib(lcd.o)
    0x08012fbc   0x00000054   Code   RO         2885    i.LCD_DrawVLine     STemWin522_CM4_OS_Keil.lib(lcd.o)
    0x08013010   0x00000058   Code   RO         2886    i.LCD_FillRect      STemWin522_CM4_OS_Keil.lib(lcd.o)
    0x08013068   0x00000006   Code   RO         2209    i.LCD_GetBitsPerPixelEx  STemWin522_CM4_OS_Keil.lib(lcd_getex.o)
    0x0801306e   0x00000002   PAD
    0x08013070   0x00000010   Code   RO         2934    i.LCD_GetBkColorIndex  STemWin522_CM4_OS_Keil.lib(lcd_getcolorindex.o)
    0x08013080   0x00000010   Code   RO         2935    i.LCD_GetColorIndex  STemWin522_CM4_OS_Keil.lib(lcd_getcolorindex.o)
    0x08013090   0x00000010   Code   RO         2216    i.LCD_GetNumColors  STemWin522_CM4_OS_Keil.lib(lcd_getex.o)
    0x080130a0   0x00000006   Code   RO         2217    i.LCD_GetNumColorsEx  STemWin522_CM4_OS_Keil.lib(lcd_getex.o)
    0x080130a6   0x0000001a   Code   RO         3465    i.LCD_GetNumLayers  STemWin522_CM4_OS_Keil.lib(lcd_getnumdisplays.o)
    0x080130c0   0x00000010   Code   RO         2218    i.LCD_GetPalette    STemWin522_CM4_OS_Keil.lib(lcd_getex.o)
    0x080130d0   0x00000018   Code   RO         2219    i.LCD_GetPaletteEx  STemWin522_CM4_OS_Keil.lib(lcd_getex.o)
    0x080130e8   0x0000002c   Code   RO         2284    i.LCD_GetPosEx      STemWin522_CM4_OS_Keil.lib(lcd_set.o)
    0x08013114   0x00000010   Code   RO         2220    i.LCD_GetSwapXY     STemWin522_CM4_OS_Keil.lib(lcd_getex.o)
    0x08013124   0x00000006   Code   RO         2223    i.LCD_GetVXSizeEx   STemWin522_CM4_OS_Keil.lib(lcd_getex.o)
    0x0801312a   0x00000006   Code   RO         2224    i.LCD_GetVXSizeMax  STemWin522_CM4_OS_Keil.lib(lcd_getex.o)
    0x08013130   0x00000006   Code   RO         2226    i.LCD_GetVYSizeEx   STemWin522_CM4_OS_Keil.lib(lcd_getex.o)
    0x08013136   0x00000002   PAD
    0x08013138   0x00000010   Code   RO         2230    i.LCD_GetXSize      STemWin522_CM4_OS_Keil.lib(lcd_getex.o)
    0x08013148   0x00000006   Code   RO         2231    i.LCD_GetXSizeEx    STemWin522_CM4_OS_Keil.lib(lcd_getex.o)
    0x0801314e   0x00000002   PAD
    0x08013150   0x00000010   Code   RO         2235    i.LCD_GetYSize      STemWin522_CM4_OS_Keil.lib(lcd_getex.o)
    0x08013160   0x00000006   Code   RO         2236    i.LCD_GetYSizeEx    STemWin522_CM4_OS_Keil.lib(lcd_getex.o)
    0x08013166   0x00000004   Code   RO         2920    i.LCD_GetpPalConvTableBM  STemWin522_CM4_OS_Keil.lib(lcd_color.o)
    0x0801316a   0x00000002   PAD
    0x0801316c   0x00000048   Code   RO         2921    i.LCD_GetpPalConvTableUncached  STemWin522_CM4_OS_Keil.lib(lcd_color.o)
    0x080131b4   0x0000001c   Code   RO         2887    i.LCD_Index2Color   STemWin522_CM4_OS_Keil.lib(lcd.o)
    0x080131d0   0x00000002   Code   RO         3754    i.LCD_Index2Color_888  STemWin522_CM4_OS_Keil.lib(guicc_888_index2color.o)
    0x080131d2   0x00000002   Code   RO         3752    i.LCD_Index2Color_8888  STemWin522_CM4_OS_Keil.lib(guicc_8888_index2color.o)
    0x080131d4   0x0000002c   Code   RO         2879    i.LCD_Index2Color_M565  STemWin522_CM4_OS_Keil.lib(guicc_m565_index2color.o)
    0x08013200   0x00000034   Code   RO         2922    i.LCD_InitColors    STemWin522_CM4_OS_Keil.lib(lcd_color.o)
    0x08013234   0x00000070   Code   RO         2923    i.LCD_InitLUT       STemWin522_CM4_OS_Keil.lib(lcd_color.o)
    0x080132a4   0x00000198   Code   RO         3770    i.LCD_ReadRectEx    STemWin522_CM4_OS_Keil.lib(lcd_readrect.o)
    0x0801343c   0x00000044   Code   RO         3467    i.LCD_SelectLCD     STemWin522_CM4_OS_Keil.lib(lcd_selectlcd.o)
    0x08013480   0x0000000c   Code   RO         2888    i.LCD_SetBkColor    STemWin522_CM4_OS_Keil.lib(lcd.o)
    0x0801348c   0x00000018   Code   RO         2889    i.LCD_SetBkColorIndex  STemWin522_CM4_OS_Keil.lib(lcd.o)
    0x080134a4   0x00000030   Code   RO         2939    i.LCD_SetClipRectEx  STemWin522_CM4_OS_Keil.lib(lcd_setcliprectex.o)
    0x080134d4   0x0000001c   Code   RO         2890    i.LCD_SetClipRectMax  STemWin522_CM4_OS_Keil.lib(lcd.o)
    0x080134f0   0x0000000c   Code   RO         2891    i.LCD_SetColor      STemWin522_CM4_OS_Keil.lib(lcd.o)
    0x080134fc   0x00000018   Code   RO         2892    i.LCD_SetColorIndex  STemWin522_CM4_OS_Keil.lib(lcd.o)
    0x08013514   0x0000000c   Code   RO         2893    i.LCD_SetDrawMode   STemWin522_CM4_OS_Keil.lib(lcd.o)
    0x08013520   0x0000002c   Code   RO         2297    i.LCD_SetLUTEntryEx  STemWin522_CM4_OS_Keil.lib(lcd_set.o)
    0x0801354c   0x0000002c   Code   RO         2299    i.LCD_SetPosEx      STemWin522_CM4_OS_Keil.lib(lcd_set.o)
    0x08013578   0x0000002c   Code   RO         2301    i.LCD_SetSizeEx     STemWin522_CM4_OS_Keil.lib(lcd_set.o)
    0x080135a4   0x0000002c   Code   RO         2305    i.LCD_SetVSizeEx    STemWin522_CM4_OS_Keil.lib(lcd_set.o)
    0x080135d0   0x00000028   Code   RO         2307    i.LCD_SetVisEx      STemWin522_CM4_OS_Keil.lib(lcd_set.o)
    0x080135f8   0x00000024   Code   RO         3469    i.LCD_UpdateColorIndices  STemWin522_CM4_OS_Keil.lib(lcd_updatecolorindices.o)
    0x0801361c   0x000001b4   Code   RO         2894    i.LCD__DrawBitmap_1bpp  STemWin522_CM4_OS_Keil.lib(lcd.o)
    0x080137d0   0x0000005c   Code   RO         2240    i.LCD__GetBPP       STemWin522_CM4_OS_Keil.lib(lcd_getex.o)
    0x0801382c   0x00000032   Code   RO         2241    i.LCD__GetBPPDevice  STemWin522_CM4_OS_Keil.lib(lcd_getex.o)
    0x0801385e   0x0000002a   Code   RO         3043    i.SCROLLBAR_AddValue  STemWin522_CM4_OS_Keil.lib(scrollbar.o)
    0x08013888   0x0000013c   Code   RO         3044    i.SCROLLBAR_Callback  STemWin522_CM4_OS_Keil.lib(scrollbar.o)
    0x080139c4   0x00000036   Code   RO         3542    i.SCROLLBAR_CreateAttached  STemWin522_CM4_OS_Keil.lib(scrollbar_create.o)
    0x080139fa   0x0000001c   Code   RO         3045    i.SCROLLBAR_CreateEx  STemWin522_CM4_OS_Keil.lib(scrollbar.o)
    0x08013a16   0x00000002   PAD
    0x08013a18   0x000000fc   Code   RO         3046    i.SCROLLBAR_CreateUser  STemWin522_CM4_OS_Keil.lib(scrollbar.o)
    0x08013b14   0x00000008   Code   RO         3047    i.SCROLLBAR_Dec     STemWin522_CM4_OS_Keil.lib(scrollbar.o)
    0x08013b1c   0x00000026   Code   RO         3079    i.SCROLLBAR_GetValue  STemWin522_CM4_OS_Keil.lib(scrollbar_getvalue.o)
    0x08013b42   0x00000006   Code   RO         3049    i.SCROLLBAR_Inc     STemWin522_CM4_OS_Keil.lib(scrollbar.o)
    0x08013b48   0x00000054   Code   RO         3054    i.SCROLLBAR_SetValue  STemWin522_CM4_OS_Keil.lib(scrollbar.o)
    0x08013b9c   0x0000001c   Code   RO         3055    i.SCROLLBAR__InvalidatePartner  STemWin522_CM4_OS_Keil.lib(scrollbar.o)
    0x08013bb8   0x0000002c   Code   RO         3056    i.SCROLLBAR__Rect2VRect  STemWin522_CM4_OS_Keil.lib(scrollbar.o)
    0x08013be4   0x00000032   Code   RO         2498    i.WIDGET_AndState   STemWin522_CM4_OS_Keil.lib(widget.o)
    0x08013c16   0x00000010   Code   RO         3081    i.WIDGET_EFFECT_3D_DrawUp  STemWin522_CM4_OS_Keil.lib(widget_effect_3d.o)
    0x08013c26   0x0000011e   Code   RO         2501    i.WIDGET_HandleActive  STemWin522_CM4_OS_Keil.lib(widget.o)
    0x08013d44   0x00000032   Code   RO         2502    i.WIDGET_OrState    STemWin522_CM4_OS_Keil.lib(widget.o)
    0x08013d76   0x00000002   PAD
    0x08013d78   0x00000010   Code   RO         2503    i.WIDGET_SetDefaultEffect  STemWin522_CM4_OS_Keil.lib(widget.o)
    0x08013d88   0x0000002c   Code   RO         2504    i.WIDGET_SetState   STemWin522_CM4_OS_Keil.lib(widget.o)
    0x08013db4   0x00000040   Code   RO         2507    i.WIDGET__DrawTriangle  STemWin522_CM4_OS_Keil.lib(widget.o)
    0x08013df4   0x0000003a   Code   RO         2510    i.WIDGET__EFFECT_DrawDownRect  STemWin522_CM4_OS_Keil.lib(widget.o)
    0x08013e2e   0x00000030   Code   RO         2511    i.WIDGET__EFFECT_DrawUpRect  STemWin522_CM4_OS_Keil.lib(widget.o)
    0x08013e5e   0x0000001c   Code   RO         2512    i.WIDGET__FillRectEx  STemWin522_CM4_OS_Keil.lib(widget.o)
    0x08013e7a   0x00000036   Code   RO         2514    i.WIDGET__GetClientRect  STemWin522_CM4_OS_Keil.lib(widget.o)
    0x08013eb0   0x0000001a   Code   RO         2515    i.WIDGET__GetInsideRect  STemWin522_CM4_OS_Keil.lib(widget.o)
    0x08013eca   0x00000020   Code   RO         2517    i.WIDGET__GetXSize  STemWin522_CM4_OS_Keil.lib(widget.o)
    0x08013eea   0x00000020   Code   RO         2518    i.WIDGET__GetYSize  STemWin522_CM4_OS_Keil.lib(widget.o)
    0x08013f0a   0x00000002   PAD
    0x08013f0c   0x00000010   Code   RO         2519    i.WIDGET__Init      STemWin522_CM4_OS_Keil.lib(widget.o)
    0x08013f1c   0x0000001e   Code   RO         2520    i.WIDGET__RotateRect90  STemWin522_CM4_OS_Keil.lib(widget.o)
    0x08013f3a   0x00000026   Code   RO         2521    i.WIDGET__SetScrollState  STemWin522_CM4_OS_Keil.lib(widget.o)
    0x08013f60   0x00000010   Code   RO         2565    i.WM_Activate       STemWin522_CM4_OS_Keil.lib(wm.o)
    0x08013f70   0x00000088   Code   RO         2678    i.WM_BringToBottom  STemWin522_CM4_OS_Keil.lib(wm_bringtobottom.o)
    0x08013ff8   0x00000016   Code   RO         3106    i.WM_BringToTop     STemWin522_CM4_OS_Keil.lib(wm_bringtotop.o)
    0x0801400e   0x0000001c   Code   RO         3112    i.WM_CheckScrollBounds  STemWin522_CM4_OS_Keil.lib(wm_checkscrollpos.o)
    0x0801402a   0x00000002   PAD
    0x0801402c   0x0000005c   Code   RO         3188    i.WM_CreateTimer    STemWin522_CM4_OS_Keil.lib(wm_timer.o)
    0x08014088   0x00000154   Code   RO         2567    i.WM_CreateWindowAsChild  STemWin522_CM4_OS_Keil.lib(wm.o)
    0x080141dc   0x00000020   Code   RO         2568    i.WM_Deactivate     STemWin522_CM4_OS_Keil.lib(wm.o)
    0x080141fc   0x00000046   Code   RO         2569    i.WM_DefaultProc    STemWin522_CM4_OS_Keil.lib(wm.o)
    0x08014242   0x0000002a   Code   RO         3189    i.WM_DeleteTimer    STemWin522_CM4_OS_Keil.lib(wm_timer.o)
    0x0801426c   0x000000d0   Code   RO         2570    i.WM_DeleteWindow   STemWin522_CM4_OS_Keil.lib(wm.o)
    0x0801433c   0x00000088   Code   RO         2571    i.WM_Exec           STemWin522_CM4_OS_Keil.lib(wm.o)
    0x080143c4   0x0000001e   Code   RO         3568    i.WM_ForEachDesc    STemWin522_CM4_OS_Keil.lib(wm_foreachdesc.o)
    0x080143e2   0x00000002   PAD
    0x080143e4   0x0000002c   Code   RO         3124    i.WM_GetClientRect  STemWin522_CM4_OS_Keil.lib(wm_getclientrect.o)
    0x08014410   0x0000001a   Code   RO         3125    i.WM_GetClientRectEx  STemWin522_CM4_OS_Keil.lib(wm_getclientrect.o)
    0x0801442a   0x00000002   PAD
    0x0801442c   0x00000018   Code   RO         2680    i.WM_GetDesktopWindow  STemWin522_CM4_OS_Keil.lib(wm_getdesktopwindow.o)
    0x08014444   0x00000014   Code   RO         3783    i.WM_GetDesktopWindowEx  STemWin522_CM4_OS_Keil.lib(wm_getdesktopwindowex.o)
    0x08014458   0x00000022   Code   RO         3130    i.WM_GetDialogItem  STemWin522_CM4_OS_Keil.lib(wm_getdialogitem.o)
    0x0801447a   0x0000001a   Code   RO         3134    i.WM_GetFirstChild  STemWin522_CM4_OS_Keil.lib(wm_getfirstchild.o)
    0x08014494   0x00000020   Code   RO         3572    i.WM_GetFlags       STemWin522_CM4_OS_Keil.lib(wm_getflags.o)
    0x080144b4   0x0000001a   Code   RO         3136    i.WM_GetId          STemWin522_CM4_OS_Keil.lib(wm_getid.o)
    0x080144ce   0x00000010   Code   RO         3577    i.WM_GetInsideRectEx  STemWin522_CM4_OS_Keil.lib(wm_getinsiderect.o)
    0x080144de   0x000000a4   Code   RO         3138    i.WM_GetInsideRectExScrollbar  STemWin522_CM4_OS_Keil.lib(wm_getinsiderectexscrollbar.o)
    0x08014582   0x00000002   PAD
    0x08014584   0x00000010   Code   RO         3140    i.WM_GetOrgX        STemWin522_CM4_OS_Keil.lib(wm_getorg.o)
    0x08014594   0x00000010   Code   RO         3141    i.WM_GetOrgY        STemWin522_CM4_OS_Keil.lib(wm_getorg.o)
    0x080145a4   0x0000001a   Code   RO         3148    i.WM_GetParent      STemWin522_CM4_OS_Keil.lib(wm_getparent.o)
    0x080145be   0x0000002a   Code   RO         3580    i.WM_GetScrollPartner  STemWin522_CM4_OS_Keil.lib(wm_getscrollpartner.o)
    0x080145e8   0x00000020   Code   RO         3150    i.WM_GetScrollbarH  STemWin522_CM4_OS_Keil.lib(wm_getscrollbar.o)
    0x08014608   0x00000020   Code   RO         3151    i.WM_GetScrollbarV  STemWin522_CM4_OS_Keil.lib(wm_getscrollbar.o)
    0x08014628   0x00000020   Code   RO         3142    i.WM_GetWindowOrgX  STemWin522_CM4_OS_Keil.lib(wm_getorg.o)
    0x08014648   0x00000020   Code   RO         3143    i.WM_GetWindowOrgY  STemWin522_CM4_OS_Keil.lib(wm_getorg.o)
    0x08014668   0x00000028   Code   RO         3583    i.WM_GetWindowRectEx  STemWin522_CM4_OS_Keil.lib(wm_getwindowrect.o)
    0x08014690   0x0000036c   Code   RO         3200    i.WM_HandlePID      STemWin522_CM4_OS_Keil.lib(wm_touch.o)
    0x080149fc   0x00000032   Code   RO         3586    i.WM_HideWindow     STemWin522_CM4_OS_Keil.lib(wm_hide.o)
    0x08014a2e   0x00000002   PAD
    0x08014a30   0x000000d4   Code   RO         2573    i.WM_Init           STemWin522_CM4_OS_Keil.lib(wm.o)
    0x08014b04   0x00000080   Code   RO         2574    i.WM_InvalidateRect  STemWin522_CM4_OS_Keil.lib(wm.o)
    0x08014b84   0x00000006   Code   RO         2575    i.WM_InvalidateWindow  STemWin522_CM4_OS_Keil.lib(wm.o)
    0x08014b8a   0x0000005e   Code   RO         2576    i.WM_InvalidateWindowAndDescsEx  STemWin522_CM4_OS_Keil.lib(wm.o)
    0x08014be8   0x00000018   Code   RO         3588    i.WM_IsWindow       STemWin522_CM4_OS_Keil.lib(wm_iswindow.o)
    0x08014c00   0x0000001e   Code   RO         3591    i.WM_MoveWindow     STemWin522_CM4_OS_Keil.lib(wm_move.o)
    0x08014c1e   0x00000010   Code   RO         3166    i.WM_NotifyParent   STemWin522_CM4_OS_Keil.lib(wm_notifyparent.o)
    0x08014c2e   0x00000002   PAD
    0x08014c30   0x00000040   Code   RO         3600    i.WM_OnKey          STemWin522_CM4_OS_Keil.lib(wm_onkey.o)
    0x08014c70   0x0000001c   Code   RO         3603    i.WM_PID__SetPrevState  STemWin522_CM4_OS_Keil.lib(wm_pid__getprevstate.o)
    0x08014c8c   0x00000012   Code   RO         3619    i.WM_ReleaseCapture  STemWin522_CM4_OS_Keil.lib(wm_setcapture.o)
    0x08014c9e   0x000000f6   Code   RO         3607    i.WM_ResizeWindow   STemWin522_CM4_OS_Keil.lib(wm_resizewindow.o)
    0x08014d94   0x00000032   Code   RO         3191    i.WM_RestartTimer   STemWin522_CM4_OS_Keil.lib(wm_timer.o)
    0x08014dc6   0x0000001e   Code   RO         3609    i.WM_Screen2hWin    STemWin522_CM4_OS_Keil.lib(wm_screen2win.o)
    0x08014de4   0x00000044   Code   RO         2577    i.WM_SelectWindow   STemWin522_CM4_OS_Keil.lib(wm.o)
    0x08014e28   0x0000001e   Code   RO         2578    i.WM_SendMessage    STemWin522_CM4_OS_Keil.lib(wm.o)
    0x08014e46   0x0000001a   Code   RO         3168    i.WM_SendMessageNoPara  STemWin522_CM4_OS_Keil.lib(wm_sendmessagenopara.o)
    0x08014e60   0x00000026   Code   RO         3170    i.WM_SendToParent   STemWin522_CM4_OS_Keil.lib(wm_sendtoparent.o)
    0x08014e86   0x00000030   Code   RO         2682    i.WM_SetCallback    STemWin522_CM4_OS_Keil.lib(wm_setcallback.o)
    0x08014eb6   0x00000002   PAD
    0x08014eb8   0x0000003c   Code   RO         3620    i.WM_SetCapture     STemWin522_CM4_OS_Keil.lib(wm_setcapture.o)
    0x08014ef4   0x00000010   Code   RO         2684    i.WM_SetCreateFlags  STemWin522_CM4_OS_Keil.lib(wm_setcreateflags.o)
    0x08014f04   0x00000014   Code   RO         2579    i.WM_SetDefault     STemWin522_CM4_OS_Keil.lib(wm.o)
    0x08014f18   0x000000a8   Code   RO         3172    i.WM_SetFocus       STemWin522_CM4_OS_Keil.lib(wm_setfocus.o)
    0x08014fc0   0x00000018   Code   RO         3184    i.WM_SetScrollState  STemWin522_CM4_OS_Keil.lib(wm_setscrollstate.o)
    0x08014fd8   0x0000001c   Code   RO         3174    i.WM_SetScrollbarH  STemWin522_CM4_OS_Keil.lib(wm_setscrollbar.o)
    0x08014ff4   0x0000001c   Code   RO         3175    i.WM_SetScrollbarV  STemWin522_CM4_OS_Keil.lib(wm_setscrollbar.o)
    0x08015010   0x00000048   Code   RO         3631    i.WM_SetSize        STemWin522_CM4_OS_Keil.lib(wm_setsize.o)
    0x08015058   0x00000020   Code   RO         3186    i.WM_SetUserClipRect  STemWin522_CM4_OS_Keil.lib(wm_setusercliprect.o)
    0x08015078   0x00000048   Code   RO         2580    i.WM__ActivateClipRect  STemWin522_CM4_OS_Keil.lib(wm.o)
    0x080150c0   0x00000010   Code   RO         3118    i.WM__AddCriticalHandle  STemWin522_CM4_OS_Keil.lib(wm_criticalhandle.o)
    0x080150d0   0x00000010   Code   RO         2581    i.WM__Client2Screen  STemWin522_CM4_OS_Keil.lib(wm.o)
    0x080150e0   0x0000004e   Code   RO         2582    i.WM__ClipAtParentBorders  STemWin522_CM4_OS_Keil.lib(wm.o)
    0x0801512e   0x00000052   Code   RO         3192    i.WM__DeleteAssocTimer  STemWin522_CM4_OS_Keil.lib(wm_timer.o)
    0x08015180   0x0000001c   Code   RO         2583    i.WM__DeleteSecure  STemWin522_CM4_OS_Keil.lib(wm.o)
    0x0801519c   0x00000028   Code   RO         2584    i.WM__DetachWindow  STemWin522_CM4_OS_Keil.lib(wm.o)
    0x080151c4   0x0000002c   Code   RO         3779    i.WM__ForEachDesc   STemWin522_CM4_OS_Keil.lib(wm__foreachdesc.o)
    0x080151f0   0x00000020   Code   RO         3126    i.WM__GetClientRectEx  STemWin522_CM4_OS_Keil.lib(wm_getclientrect.o)
    0x08015210   0x00000018   Code   RO         2585    i.WM__GetClientRectWin  STemWin522_CM4_OS_Keil.lib(wm.o)
    0x08015228   0x00000012   Code   RO         3556    i.WM__GetFirstSibling  STemWin522_CM4_OS_Keil.lib(wm__getfirstsibling.o)
    0x0801523a   0x00000002   PAD
    0x0801523c   0x00000040   Code   RO         2586    i.WM__GetNextIVR    STemWin522_CM4_OS_Keil.lib(wm.o)
    0x0801527c   0x00000024   Code   RO         3097    i.WM__GetPrevSibling  STemWin522_CM4_OS_Keil.lib(wm__getprevsibling.o)
    0x080152a0   0x00000018   Code   RO         2587    i.WM__GetTopLevelLayer  STemWin522_CM4_OS_Keil.lib(wm.o)
    0x080152b8   0x000000f0   Code   RO         2588    i.WM__InitIVRSearch  STemWin522_CM4_OS_Keil.lib(wm.o)
    0x080153a8   0x000000a4   Code   RO         2589    i.WM__InsertWindowIntoList  STemWin522_CM4_OS_Keil.lib(wm.o)
    0x0801544c   0x00000006   Code   RO         2590    i.WM__Invalidate1Abs  STemWin522_CM4_OS_Keil.lib(wm.o)
    0x08015452   0x00000046   Code   RO         2591    i.WM__InvalidateDrawAndDescs  STemWin522_CM4_OS_Keil.lib(wm.o)
    0x08015498   0x0000002a   Code   RO         2592    i.WM__InvalidateParent  STemWin522_CM4_OS_Keil.lib(wm.o)
    0x080154c2   0x00000076   Code   RO         2593    i.WM__InvalidateRect  STemWin522_CM4_OS_Keil.lib(wm.o)
    0x08015538   0x00000006   Code   RO         2594    i.WM__InvalidateRectEx  STemWin522_CM4_OS_Keil.lib(wm.o)
    0x0801553e   0x00000002   PAD
    0x08015540   0x00000022   Code   RO         3558    i.WM__IsAncestor    STemWin522_CM4_OS_Keil.lib(wm__isancestor.o)
    0x08015562   0x00000016   Code   RO         3562    i.WM__IsEnabled     STemWin522_CM4_OS_Keil.lib(wm__isenabled.o)
    0x08015578   0x00000048   Code   RO         3201    i.WM__IsInModalArea  STemWin522_CM4_OS_Keil.lib(wm_touch.o)
    0x080155c0   0x00000030   Code   RO         3611    i.WM__IsInWindow    STemWin522_CM4_OS_Keil.lib(wm_screen2win.o)
    0x080155f0   0x00000024   Code   RO         2595    i.WM__IsWindow      STemWin522_CM4_OS_Keil.lib(wm.o)
    0x08015614   0x00000098   Code   RO         3593    i.WM__MoveWindow    STemWin522_CM4_OS_Keil.lib(wm_move.o)
    0x080156ac   0x000000a0   Code   RO         2596    i.WM__Paint         STemWin522_CM4_OS_Keil.lib(wm.o)
    0x0801574c   0x00000090   Code   RO         2597    i.WM__Paint1        STemWin522_CM4_OS_Keil.lib(wm.o)
    0x080157dc   0x00000078   Code   RO         2598    i.WM__PaintWinAndOverlays  STemWin522_CM4_OS_Keil.lib(wm.o)
    0x08015854   0x00000020   Code   RO         2599    i.WM__RectIsNZ      STemWin522_CM4_OS_Keil.lib(wm.o)
    0x08015874   0x0000002c   Code   RO         3621    i.WM__ReleaseCapture  STemWin522_CM4_OS_Keil.lib(wm_setcapture.o)
    0x080158a0   0x0000002c   Code   RO         3119    i.WM__RemoveCriticalHandle  STemWin522_CM4_OS_Keil.lib(wm_criticalhandle.o)
    0x080158cc   0x00000030   Code   RO         2600    i.WM__RemoveFromLinList  STemWin522_CM4_OS_Keil.lib(wm.o)
    0x080158fc   0x00000040   Code   RO         2601    i.WM__RemoveWindowFromList  STemWin522_CM4_OS_Keil.lib(wm.o)
    0x0801593c   0x00000014   Code   RO         3099    i.WM__Screen2Client  STemWin522_CM4_OS_Keil.lib(wm__screen2client.o)
    0x08015950   0x00000014   Code   RO         2602    i.WM__SelectTopLevelLayer  STemWin522_CM4_OS_Keil.lib(wm.o)
    0x08015964   0x0000003c   Code   RO         3101    i.WM__SendMessage   STemWin522_CM4_OS_Keil.lib(wm__sendmessage.o)
    0x080159a0   0x0000001c   Code   RO         3564    i.WM__SendMessageIfEnabled  STemWin522_CM4_OS_Keil.lib(wm__sendmessageifenabled.o)
    0x080159bc   0x00000026   Code   RO         3566    i.WM__SendMessageNoPara  STemWin522_CM4_OS_Keil.lib(wm__sendmessagenopara.o)
    0x080159e2   0x0000000e   Code   RO         2603    i.WM__SendMsgNoData  STemWin522_CM4_OS_Keil.lib(wm.o)
    0x080159f0   0x0000003e   Code   RO         3202    i.WM__SendPIDMessage  STemWin522_CM4_OS_Keil.lib(wm_touch.o)
    0x08015a2e   0x00000036   Code   RO         3203    i.WM__SendTouchMessage  STemWin522_CM4_OS_Keil.lib(wm_touch.o)
    0x08015a64   0x00000008   Code   RO         3176    i.WM__SetScrollbarH  STemWin522_CM4_OS_Keil.lib(wm_setscrollbar.o)
    0x08015a6c   0x00000008   Code   RO         3177    i.WM__SetScrollbarV  STemWin522_CM4_OS_Keil.lib(wm_setscrollbar.o)
    0x08015a74   0x000000dc   Code   RO         3104    i.WM__UpdateChildPositions  STemWin522_CM4_OS_Keil.lib(wm__updatechildpositions.o)
    0x08015b50   0x00000038   Code   RO         3310    i._Add              STemWin522_CM4_OS_Keil.lib(gui_fillpolygon.o)
    0x08015b88   0x00000078   Code   RO         1947    i._AddFreeMemory    STemWin522_CM4_OS_Keil.lib(gui_alloc.o)
    0x08015c00   0x000000bc   Code   RO         1948    i._Alloc            STemWin522_CM4_OS_Keil.lib(gui_alloc.o)
    0x08015cbc   0x00000070   Code   RO         3107    i._BringToTop       STemWin522_CM4_OS_Keil.lib(wm_bringtotop.o)
    0x08015d2c   0x0000013c   Code   RO         3547    i._CalcPositions    STemWin522_CM4_OS_Keil.lib(scrollbar_skinclassic.o)
    0x08015e68   0x00000014   Code   RO         2163    i._CalcSizeOfChar   STemWin522_CM4_OS_Keil.lib(gui_uc_encodeutf8.o)
    0x08015e7c   0x00000004   Code   RO         2856    i._CalcSizeOfChar   STemWin522_CM4_OS_Keil.lib(gui_uc_encodenone.o)
    0x08015e80   0x0000004c   Code   RO         1906    i._Color2IndexBulk  STemWin522_CM4_OS_Keil.lib(guicc_m565.o)
    0x08015ecc   0x0000000e   Code   RO         3456    i._Color2IndexBulk  STemWin522_CM4_OS_Keil.lib(guicc_8888.o)
    0x08015eda   0x00000002   PAD
    0x08015edc   0x00000054   Code   RO         3447    i._Color2Index_0    STemWin522_CM4_OS_Keil.lib(guicc_0.o)
    0x08015f30   0x00000002   Code   RO         3457    i._Color2Index_8888  STemWin522_CM4_OS_Keil.lib(guicc_8888.o)
    0x08015f32   0x00000002   PAD
    0x08015f34   0x0000002c   Code   RO         1907    i._Color2Index_M565  STemWin522_CM4_OS_Keil.lib(guicc_m565.o)
    0x08015f60   0x0000003e   Code   RO         2996    i._Convert16        STemWin522_CM4_OS_Keil.lib(guidev_writetoactiveopaque.o)
    0x08015f9e   0x00000002   PAD
    0x08015fa0   0x00000018   Code   RO         3548    i._Create           STemWin522_CM4_OS_Keil.lib(scrollbar_skinclassic.o)
    0x08015fb8   0x00000098   Code   RO         3681    i._CreateBuffer     STemWin522_CM4_OS_Keil.lib(gui_sprite.o)
    0x08016050   0x00000120   Code   RO         2976    i._CreateStaticDevice  STemWin522_CM4_OS_Keil.lib(guidev_staticdevices.o)
    0x08016170   0x00000014   Code   RO         2802    i._DecPointer       STemWin522_CM4_OS_Keil.lib(gui_pid.o)
    0x08016184   0x00000012   Code   RO         2604    i._DeleteAllChildren  STemWin522_CM4_OS_Keil.lib(wm.o)
    0x08016196   0x0000001e   Code   RO         3057    i._DeleteTimer      STemWin522_CM4_OS_Keil.lib(scrollbar.o)
    0x080161b4   0x00000020   Code   RO         2605    i._DesktopHandle2Index  STemWin522_CM4_OS_Keil.lib(wm.o)
    0x080161d4   0x00000040   Code   RO         2192    i._DispFloatFix     STemWin522_CM4_OS_Keil.lib(gui_valf.o)
    0x08016214   0x00000120   Code   RO         2193    i._DispFloatMin     STemWin522_CM4_OS_Keil.lib(gui_valf.o)
    0x08016334   0x00000074   Code   RO         3261    i._DispLine         STemWin522_CM4_OS_Keil.lib(gui_charline.o)
    0x080163a8   0x00000140   Code   RO         2351    i._DrawBitLine1BPP  STemWin522_CM4_OS_Keil.lib(guidev_16.o)
    0x080164e8   0x00000114   Code   RO         3471    i._DrawBitLine1BPP  STemWin522_CM4_OS_Keil.lib(guidev_32.o)
    0x080165fc   0x000000e0   Code   RO         2352    i._DrawBitLine2BPP  STemWin522_CM4_OS_Keil.lib(guidev_16.o)
    0x080166dc   0x000000e0   Code   RO         3472    i._DrawBitLine2BPP  STemWin522_CM4_OS_Keil.lib(guidev_32.o)
    0x080167bc   0x00000088   Code   RO         3473    i._DrawBitLine32BPP_DDB  STemWin522_CM4_OS_Keil.lib(guidev_32.o)
    0x08016844   0x00000158   Code   RO         2353    i._DrawBitLine4BPP  STemWin522_CM4_OS_Keil.lib(guidev_16.o)
    0x0801699c   0x00000158   Code   RO         3474    i._DrawBitLine4BPP  STemWin522_CM4_OS_Keil.lib(guidev_32.o)
    0x08016af4   0x000002b0   Code   RO         2354    i._DrawBitmap       STemWin522_CM4_OS_Keil.lib(guidev_16.o)
    0x08016da4   0x00000294   Code   RO         3475    i._DrawBitmap       STemWin522_CM4_OS_Keil.lib(guidev_32.o)
    0x08017038   0x00000146   Code   RO         2411    i._DrawBorder       STemWin522_CM4_OS_Keil.lib(graph.o)
    0x0801717e   0x00000010   Code   RO         2552    i._DrawDown         STemWin522_CM4_OS_Keil.lib(widget_effect_simple.o)
    0x0801718e   0x00000010   Code   RO         3085    i._DrawDown         STemWin522_CM4_OS_Keil.lib(widget_effect_3d.o)
    0x0801719e   0x00000002   PAD
    0x080171a0   0x00000038   Code   RO         2553    i._DrawDownRect     STemWin522_CM4_OS_Keil.lib(widget_effect_simple.o)
    0x080171d8   0x00000094   Code   RO         3086    i._DrawDownRect     STemWin522_CM4_OS_Keil.lib(widget_effect_3d.o)
    0x0801726c   0x000001ec   Code   RO         2729    i._DrawGraph        STemWin522_CM4_OS_Keil.lib(gui_drawgraphex.o)
    0x08017458   0x00000118   Code   RO         2412    i._DrawGrid         STemWin522_CM4_OS_Keil.lib(graph.o)
    0x08017570   0x0000000a   Code   RO         2355    i._DrawHLine        STemWin522_CM4_OS_Keil.lib(guidev_16.o)
    0x0801757a   0x0000000a   Code   RO         3476    i._DrawHLine        STemWin522_CM4_OS_Keil.lib(guidev_32.o)
    0x08017584   0x00000014   Code   RO         2744    i._DrawLineEnd      STemWin522_CM4_OS_Keil.lib(gui_drawline.o)
    0x08017598   0x0000005c   Code   RO         2606    i._DrawNext         STemWin522_CM4_OS_Keil.lib(wm.o)
    0x080175f4   0x00000010   Code   RO         2554    i._DrawUp           STemWin522_CM4_OS_Keil.lib(widget_effect_simple.o)
    0x08017604   0x00000038   Code   RO         2555    i._DrawUpRect       STemWin522_CM4_OS_Keil.lib(widget_effect_simple.o)
    0x0801763c   0x00000068   Code   RO         3087    i._DrawUpRect       STemWin522_CM4_OS_Keil.lib(widget_effect_3d.o)
    0x080176a4   0x000000b8   Code   RO         2356    i._DrawVLine        STemWin522_CM4_OS_Keil.lib(guidev_16.o)
    0x0801775c   0x000000ac   Code   RO         3477    i._DrawVLine        STemWin522_CM4_OS_Keil.lib(guidev_32.o)
    0x08017808   0x00000056   Code   RO         2522    i._EffectRequiresRedraw  STemWin522_CM4_OS_Keil.lib(widget.o)
    0x0801785e   0x0000004e   Code   RO         2164    i._Encode           STemWin522_CM4_OS_Keil.lib(gui_uc_encodeutf8.o)
    0x080178ac   0x00000006   Code   RO         2857    i._Encode           STemWin522_CM4_OS_Keil.lib(gui_uc_encodenone.o)
    0x080178b2   0x00000002   PAD
    0x080178b4   0x00000094   Code   RO         1949    i._EnlargeBlocks    STemWin522_CM4_OS_Keil.lib(gui_alloc.o)
    0x08017948   0x00000078   Code   RO         2607    i._Exec1Input       STemWin522_CM4_OS_Keil.lib(wm.o)
    0x080179c0   0x000000ac   Code   RO         2357    i._FillRect         STemWin522_CM4_OS_Keil.lib(guidev_16.o)
    0x08017a6c   0x000000a4   Code   RO         3478    i._FillRect         STemWin522_CM4_OS_Keil.lib(guidev_32.o)
    0x08017b10   0x00000148   Code   RO         2608    i._FindNext_IVR     STemWin522_CM4_OS_Keil.lib(wm.o)
    0x08017c58   0x0000007c   Code   RO         2609    i._Findx0           STemWin522_CM4_OS_Keil.lib(wm.o)
    0x08017cd4   0x00000072   Code   RO         2610    i._Findx1           STemWin522_CM4_OS_Keil.lib(wm.o)
    0x08017d46   0x000000a2   Code   RO         2611    i._Findy1           STemWin522_CM4_OS_Keil.lib(wm.o)
    0x08017de8   0x00000074   Code   RO         3687    i._FlushBuffer      STemWin522_CM4_OS_Keil.lib(gui_sprite.o)
    0x08017e5c   0x00000004   Code   RO         3529    i._GUI_USAGE_BM_Delete  STemWin522_CM4_OS_Keil.lib(guidev_usagebm.o)
    0x08017e60   0x0000006c   Code   RO         3688    i._GetBkPixel       STemWin522_CM4_OS_Keil.lib(gui_sprite.o)
    0x08017ecc   0x0000003c   Code   RO         2165    i._GetCharCode      STemWin522_CM4_OS_Keil.lib(gui_uc_encodeutf8.o)
    0x08017f08   0x00000004   Code   RO         2858    i._GetCharCode      STemWin522_CM4_OS_Keil.lib(gui_uc_encodenone.o)
    0x08017f0c   0x00000022   Code   RO         2166    i._GetCharSize      STemWin522_CM4_OS_Keil.lib(gui_uc_encodeutf8.o)
    0x08017f2e   0x00000004   Code   RO         2859    i._GetCharSize      STemWin522_CM4_OS_Keil.lib(gui_uc_encodenone.o)
    0x08017f32   0x00000002   PAD
    0x08017f34   0x00000044   Code   RO         2194    i._GetDecs          STemWin522_CM4_OS_Keil.lib(gui_valf.o)
    0x08017f78   0x00000010   Code   RO         2358    i._GetDevData       STemWin522_CM4_OS_Keil.lib(guidev_16.o)
    0x08017f88   0x00000010   Code   RO         3479    i._GetDevData       STemWin522_CM4_OS_Keil.lib(guidev_32.o)
    0x08017f98   0x00000010   Code   RO         2359    i._GetDevFunc       STemWin522_CM4_OS_Keil.lib(guidev_16.o)
    0x08017fa8   0x00000010   Code   RO         3480    i._GetDevFunc       STemWin522_CM4_OS_Keil.lib(guidev_32.o)
    0x08017fb8   0x0000001e   Code   RO         2242    i._GetDevProp       STemWin522_CM4_OS_Keil.lib(lcd_getex.o)
    0x08017fd6   0x00000008   Code   RO         2360    i._GetDevProp       STemWin522_CM4_OS_Keil.lib(guidev_16.o)
    0x08017fde   0x0000000c   Code   RO         3481    i._GetDevProp       STemWin522_CM4_OS_Keil.lib(guidev_32.o)
    0x08017fea   0x00000040   Code   RO         3131    i._GetDialogItem    STemWin522_CM4_OS_Keil.lib(wm_getdialogitem.o)
    0x0801802a   0x00000050   Code   RO         3152    i._GetDialogItem    STemWin522_CM4_OS_Keil.lib(wm_getscrollbar.o)
    0x0801807a   0x00000052   Code   RO         3448    i._GetIndexMask_0   STemWin522_CM4_OS_Keil.lib(guicc_0.o)
    0x080180cc   0x00000006   Code   RO         3458    i._GetIndexMask_8888  STemWin522_CM4_OS_Keil.lib(guicc_8888.o)
    0x080180d2   0x00000006   Code   RO         1908    i._GetIndexMask_M565  STemWin522_CM4_OS_Keil.lib(guicc_m565.o)
    0x080180d8   0x0000001e   Code   RO         2243    i._GetMaxValue      STemWin522_CM4_OS_Keil.lib(lcd_getex.o)
    0x080180f6   0x00000002   PAD
    0x080180f8   0x0000001c   Code   RO         1950    i._GetMinIndex      STemWin522_CM4_OS_Keil.lib(gui_alloc.o)
    0x08018114   0x0000001e   Code   RO         2413    i._GetParams        STemWin522_CM4_OS_Keil.lib(graph.o)
    0x08018132   0x0000000e   Code   RO         2361    i._GetPixelIndex    STemWin522_CM4_OS_Keil.lib(guidev_16.o)
    0x08018140   0x0000000e   Code   RO         3482    i._GetPixelIndex    STemWin522_CM4_OS_Keil.lib(guidev_32.o)
    0x0801814e   0x00000030   Code   RO         2362    i._GetRect          STemWin522_CM4_OS_Keil.lib(guidev_16.o)
    0x0801817e   0x00000030   Code   RO         3483    i._GetRect          STemWin522_CM4_OS_Keil.lib(guidev_32.o)
    0x080181ae   0x00000002   PAD
    0x080181b0   0x00000010   Code   RO         2086    i._GotoX            STemWin522_CM4_OS_Keil.lib(gui_goto.o)
    0x080181c0   0x00000010   Code   RO         2087    i._GotoY            STemWin522_CM4_OS_Keil.lib(gui_goto.o)
    0x080181d0   0x0000001c   Code   RO         2784    i._IncPointer       STemWin522_CM4_OS_Keil.lib(gui_onkey.o)
    0x080181ec   0x00000014   Code   RO         2803    i._IncPointer       STemWin522_CM4_OS_Keil.lib(gui_pid.o)
    0x08018200   0x00000006   Code   RO         2785    i._IncReadPointer   STemWin522_CM4_OS_Keil.lib(gui_onkey.o)
    0x08018206   0x00000002   PAD
    0x08018208   0x00000058   Code   RO         1909    i._Index2ColorBulk  STemWin522_CM4_OS_Keil.lib(guicc_m565.o)
    0x08018260   0x0000000e   Code   RO         3459    i._Index2ColorBulk  STemWin522_CM4_OS_Keil.lib(guicc_8888.o)
    0x0801826e   0x00000020   Code   RO         3449    i._Index2Color_0    STemWin522_CM4_OS_Keil.lib(guicc_0.o)
    0x0801828e   0x00000002   PAD
    0x08018290   0x00000070   Code   RO         2025    i._InitContext      STemWin522_CM4_OS_Keil.lib(gui_core.o)
    0x08018300   0x000000a4   Code   RO         1951    i._InitOnce         STemWin522_CM4_OS_Keil.lib(gui_alloc.o)
    0x080183a4   0x00000080   Code   RO         2612    i._Invalidate1Abs   STemWin522_CM4_OS_Keil.lib(wm.o)
    0x08018424   0x00000064   Code   RO         2460    i._InvalidateNewItem  STemWin522_CM4_OS_Keil.lib(graph_data_yt.o)
    0x08018488   0x00000088   Code   RO         3408    i._Link             STemWin522_CM4_OS_Keil.lib(gui_timer.o)
    0x08018510   0x00000014   Code   RO         2141    i._Log2Phys         STemWin522_CM4_OS_Keil.lib(gui_touch_driveranalog.o)
    0x08018524   0x00000002   Code   RO         3262    i._Log2VisBuffered  STemWin522_CM4_OS_Keil.lib(gui_charline.o)
    0x08018526   0x000000e0   Code   RO         2414    i._ManageScrollBars  STemWin522_CM4_OS_Keil.lib(graph.o)
    0x08018606   0x00000008   Code   RO         2963    i._Min              STemWin522_CM4_OS_Keil.lib(guidev_banding.o)
    0x0801860e   0x0000006e   Code   RO         3594    i._MoveDescendents  STemWin522_CM4_OS_Keil.lib(wm_move.o)
    0x0801867c   0x00000090   Code   RO         2415    i._OnDelete         STemWin522_CM4_OS_Keil.lib(graph.o)
    0x0801870c   0x00000026   Code   RO         2461    i._OnDelete         STemWin522_CM4_OS_Keil.lib(graph_data_yt.o)
    0x08018732   0x00000002   PAD
    0x08018734   0x00000034   Code   RO         1952    i._OnExit           STemWin522_CM4_OS_Keil.lib(gui_alloc.o)
    0x08018768   0x0000002c   Code   RO         2026    i._OnExit           STemWin522_CM4_OS_Keil.lib(gui_core.o)
    0x08018794   0x00000034   Code   RO         2613    i._OnExit           STemWin522_CM4_OS_Keil.lib(wm.o)
    0x080187c8   0x00000014   Code   RO         2841    i._OnExit           STemWin522_CM4_OS_Keil.lib(gui_task.o)
    0x080187dc   0x00000014   Code   RO         2925    i._OnExit           STemWin522_CM4_OS_Keil.lib(lcd_color.o)
    0x080187f0   0x00000028   Code   RO         3235    i._OnExit           STemWin522_CM4_OS_Keil.lib(gui__alpha.o)
    0x08018818   0x00000010   Code   RO         3409    i._OnExit           STemWin522_CM4_OS_Keil.lib(gui_timer.o)
    0x08018828   0x000001aa   Code   RO         2416    i._OnPaint          STemWin522_CM4_OS_Keil.lib(graph.o)
    0x080189d2   0x000000d8   Code   RO         2462    i._OnPaint          STemWin522_CM4_OS_Keil.lib(graph_data_yt.o)
    0x08018aaa   0x0000003c   Code   RO         2482    i._OnPaint          STemWin522_CM4_OS_Keil.lib(graph_scale.o)
    0x08018ae6   0x000000f0   Code   RO         2483    i._OnPaintHorz      STemWin522_CM4_OS_Keil.lib(graph_scale.o)
    0x08018bd6   0x000000dc   Code   RO         2484    i._OnPaintVert      STemWin522_CM4_OS_Keil.lib(graph_scale.o)
    0x08018cb2   0x00000038   Code   RO         2417    i._OnScrollValueChanged  STemWin522_CM4_OS_Keil.lib(graph.o)
    0x08018cea   0x00000066   Code   RO         3058    i._OnTimer          STemWin522_CM4_OS_Keil.lib(scrollbar.o)
    0x08018d50   0x0000020a   Code   RO         3059    i._OnTouch          STemWin522_CM4_OS_Keil.lib(scrollbar.o)
    0x08018f5a   0x00000174   Code   RO         3549    i._Paint            STemWin522_CM4_OS_Keil.lib(scrollbar_skinclassic.o)
    0x080190ce   0x00000002   PAD
    0x080190d0   0x00000024   Code   RO         2614    i._Paint1           STemWin522_CM4_OS_Keil.lib(wm.o)
    0x080190f4   0x0000008c   Code   RO         2615    i._Paint1Trans      STemWin522_CM4_OS_Keil.lib(wm.o)
    0x08019180   0x0000009a   Code   RO         2616    i._PaintTransChildren  STemWin522_CM4_OS_Keil.lib(wm.o)
    0x0801921a   0x00000002   PAD
    0x0801921c   0x00000040   Code   RO         1953    i._PopFreeBlock     STemWin522_CM4_OS_Keil.lib(gui_alloc.o)
    0x0801925c   0x00000024   Code   RO         1954    i._PushFreeBlock    STemWin522_CM4_OS_Keil.lib(gui_alloc.o)
    0x08019280   0x0000001c   Code   RO         3698    i._ReleaseBuffer    STemWin522_CM4_OS_Keil.lib(gui_sprite.o)
    0x0801929c   0x00000034   Code   RO         1955    i._RemoveFreeBlock  STemWin522_CM4_OS_Keil.lib(gui_alloc.o)
    0x080192d0   0x0000005c   Code   RO         3410    i._RemoveFromLinList  STemWin522_CM4_OS_Keil.lib(gui_timer.o)
    0x0801932c   0x000000a0   Code   RO         1956    i._RemoveHoles      STemWin522_CM4_OS_Keil.lib(gui_alloc.o)
    0x080193cc   0x00000048   Code   RO         2195    i._RoundHalfUp      STemWin522_CM4_OS_Keil.lib(gui_valf.o)
    0x08019414   0x0000005a   Code   RO         3612    i._Screen2hWin      STemWin522_CM4_OS_Keil.lib(wm_screen2win.o)
    0x0801946e   0x00000002   PAD
    0x08019470   0x00000024   Code   RO         3613    i._Screen2hWinStop  STemWin522_CM4_OS_Keil.lib(wm_screen2win.o)
    0x08019494   0x00000020   Code   RO         2895    i._SetBkColor       STemWin522_CM4_OS_Keil.lib(lcd.o)
    0x080194b4   0x0000004c   Code   RO         2617    i._SetClipRectUserIntersect  STemWin522_CM4_OS_Keil.lib(wm.o)
    0x08019500   0x00000020   Code   RO         2896    i._SetColor         STemWin522_CM4_OS_Keil.lib(lcd.o)
    0x08019520   0x0000002c   Code   RO         2897    i._SetDrawMode      STemWin522_CM4_OS_Keil.lib(lcd.o)
    0x0801954c   0x00000078   Code   RO         2745    i._SetLineColor     STemWin522_CM4_OS_Keil.lib(gui_drawline.o)
    0x080195c4   0x00000034   Code   RO         2142    i._SetMinMax        STemWin522_CM4_OS_Keil.lib(gui_touch_driveranalog.o)
    0x080195f8   0x00000008   Code   RO         2363    i._SetOrg           STemWin522_CM4_OS_Keil.lib(guidev_16.o)
    0x08019600   0x00000008   Code   RO         3484    i._SetOrg           STemWin522_CM4_OS_Keil.lib(guidev_32.o)
    0x08019608   0x00000048   Code   RO         2364    i._SetPixelIndex    STemWin522_CM4_OS_Keil.lib(guidev_16.o)
    0x08019650   0x00000048   Code   RO         3485    i._SetPixelIndex    STemWin522_CM4_OS_Keil.lib(guidev_32.o)
    0x08019698   0x000002ac   Code   RO         3703    i._SetPosition      STemWin522_CM4_OS_Keil.lib(gui_sprite.o)
    0x08019944   0x00000036   Code   RO         3178    i._SetScrollbar     STemWin522_CM4_OS_Keil.lib(wm_setscrollbar.o)
    0x0801997a   0x0000004a   Code   RO         3704    i._SetSpriteBkPixel  STemWin522_CM4_OS_Keil.lib(gui_sprite.o)
    0x080199c4   0x00000058   Code   RO         2804    i._StoreState       STemWin522_CM4_OS_Keil.lib(gui_pid.o)
    0x08019a1c   0x00000030   Code   RO         2143    i._StoreUnstable    STemWin522_CM4_OS_Keil.lib(gui_touch_driveranalog.o)
    0x08019a4c   0x000000ea   Code   RO         1957    i._TestRAM          STemWin522_CM4_OS_Keil.lib(gui_alloc.o)
    0x08019b36   0x00000002   PAD
    0x08019b38   0x00000050   Code   RO         3411    i._Unlink           STemWin522_CM4_OS_Keil.lib(gui_timer.o)
    0x08019b88   0x00000030   Code   RO         2055    i._UnlinkDevice     STemWin522_CM4_OS_Keil.lib(gui_device.o)
    0x08019bb8   0x0000000e   Code   RO         1958    i._WriteTagData     STemWin522_CM4_OS_Keil.lib(gui_alloc.o)
    0x08019bc6   0x00000002   PAD
    0x08019bc8   0x00000330   Code   RO         2997    i._WriteToActiveOpaque_8  STemWin522_CM4_OS_Keil.lib(guidev_writetoactiveopaque.o)
    0x08019ef8   0x000002f8   Code   RO         2998    i._WriteToActiveOpaque_HT  STemWin522_CM4_OS_Keil.lib(guidev_writetoactiveopaque.o)
    0x0801a1f0   0x0000003c   Code   RO         2365    i._XY2PTR           STemWin522_CM4_OS_Keil.lib(guidev_16.o)
    0x0801a22c   0x0000003c   Code   RO         3486    i._XY2PTR           STemWin522_CM4_OS_Keil.lib(guidev_32.o)
    0x0801a268   0x00000054   Code   RO         2366    i._XorPixel         STemWin522_CM4_OS_Keil.lib(guidev_16.o)
    0x0801a2bc   0x00000058   Code   RO         3487    i._XorPixel         STemWin522_CM4_OS_Keil.lib(guidev_32.o)
    0x0801a314   0x00000030   Code   RO         3877    i.__ARM_fpclassify  m_wm.l(fpclassify.o)
    0x0801a344   0x00000004   PAD
    0x0801a348   0x00000118   Code   RO         3804    i.__hardfp_ceil     m_wm.l(ceil.o)
    0x0801a460   0x00000014   Code   RO         3810    i.__hardfp_fabs     m_wm.l(fabs.o)
    0x0801a474   0x00000004   PAD
    0x0801a478   0x00000118   Code   RO         3816    i.__hardfp_floor    m_wm.l(floor.o)
    0x0801a590   0x00000c38   Code   RO         3822    i.__hardfp_pow      m_wm.l(pow.o)
    0x0801b1c8   0x000000f8   Code   RO         3879    i.__kernel_poly     m_wm.l(poly.o)
    0x0801b2c0   0x00000020   Code   RO         3875    i.__mathlib_dbl_underflow  m_wm.l(dunder.o)
    0x0801b2e0   0x0000000e   Code   RO         3940    i.__scatterload_copy  mc_w.l(handlers.o)
    0x0801b2ee   0x00000002   Code   RO         3941    i.__scatterload_null  mc_w.l(handlers.o)
    0x0801b2f0   0x0000000e   Code   RO         3942    i.__scatterload_zeroinit  mc_w.l(handlers.o)
    0x0801b2fe   0x00000002   PAD
    0x0801b300   0x0000000c   Code   RO         3916    i.__set_errno       mc_w.l(errno.o)
    0x0801b30c   0x0000008c   Code   RO         2746    i._atan2            STemWin522_CM4_OS_Keil.lib(gui_drawline.o)
    0x0801b398   0x00000004   Code   RO         3108    i._cbInvalidateOne  STemWin522_CM4_OS_Keil.lib(wm_bringtotop.o)
    0x0801b39c   0x00000044   Code   RO         2618    i._cbPaintMemDev    STemWin522_CM4_OS_Keil.lib(wm.o)
    0x0801b3e0   0x0000002c   Code   RO         3193    i._cbTimer          STemWin522_CM4_OS_Keil.lib(wm_timer.o)
    0x0801b40c   0x00000050   Code   RO         2619    i.cbBackWin         STemWin522_CM4_OS_Keil.lib(wm.o)
    0x0801b45c   0x0000008a   Code   RO         2898    i.emWin_LCD_Init    STemWin522_CM4_OS_Keil.lib(lcd.o)
    0x0801b4e6   0x00000018   Code   RO         3812    i.fabs              m_wm.l(fabs.o)
    0x0801b4fe   0x0000006e   Code   RO         3884    i.sqrt              m_wm.l(sqrt.o)
    0x0801b56c   0x00000d70   Data   RO          396    .constdata          lcd_interface.o
    0x0801c2dc   0x0000002a   Data   RO          500    .constdata          task_dtudely.o
    0x0801c306   0x00000002   PAD
    0x0801c308   0x00000104   Data   RO         1353    .constdata          cpu_core.o
    0x0801c40c   0x00000094   Data   RO         1435    .constdata          lib_str.o
    0x0801c4a0   0x00000094   Data   RO         1456    .constdata          os_cfg_app.o
    0x0801c534   0x00000168   Data   RO         1490    .constdata          os_dbg.o
    0x0801c69c   0x00000034   Data   RO         1769    .constdata          guidrv_template.o
    0x0801c6d0   0x00000018   Data   RO         1910    .constdata          STemWin522_CM4_OS_Keil.lib(guicc_m565.o)
    0x0801c6e8   0x00000008   Data   RO         2028    .constdata          STemWin522_CM4_OS_Keil.lib(gui_core.o)
    0x0801c6f0   0x00000008   Data   RO         2056    .constdata          STemWin522_CM4_OS_Keil.lib(gui_device.o)
    0x0801c6f8   0x00000010   Data   RO         2167    .constdata          STemWin522_CM4_OS_Keil.lib(gui_uc_encodeutf8.o)
    0x0801c708   0x00000518   Data   RO         2333    .constdata          STemWin522_CM4_OS_Keil.lib(f6x8.o)
    0x0801cc20   0x000001c0   Data   RO         2334    .constdata          STemWin522_CM4_OS_Keil.lib(f6x8.o)
    0x0801cde0   0x00000008   Data   RO         2335    .constdata          STemWin522_CM4_OS_Keil.lib(f6x8.o)
    0x0801cde8   0x00000014   Data   RO         2336    .constdata          STemWin522_CM4_OS_Keil.lib(f6x8.o)
    0x0801cdfc   0x00000024   Data   RO         2337    .constdata          STemWin522_CM4_OS_Keil.lib(f6x8.o)
    0x0801ce20   0x00000a30   Data   RO         2339    .constdata          STemWin522_CM4_OS_Keil.lib(f8x16.o)
    0x0801d850   0x000001c0   Data   RO         2340    .constdata          STemWin522_CM4_OS_Keil.lib(f8x16.o)
    0x0801da10   0x00000008   Data   RO         2341    .constdata          STemWin522_CM4_OS_Keil.lib(f8x16.o)
    0x0801da18   0x00000014   Data   RO         2342    .constdata          STemWin522_CM4_OS_Keil.lib(f8x16.o)
    0x0801da2c   0x00000024   Data   RO         2343    .constdata          STemWin522_CM4_OS_Keil.lib(f8x16.o)
    0x0801da50   0x00000074   Data   RO         2367    .constdata          STemWin522_CM4_OS_Keil.lib(guidev_16.o)
    0x0801dac4   0x0000001c   Data   RO         2556    .constdata          STemWin522_CM4_OS_Keil.lib(widget_effect_simple.o)
    0x0801dae0   0x00000100   Data   RO         2686    .constdata          STemWin522_CM4_OS_Keil.lib(gui__divtbl_255_31.o)
    0x0801dbe0   0x00000100   Data   RO         2687    .constdata          STemWin522_CM4_OS_Keil.lib(gui__divtbl_255_63.o)
    0x0801dce0   0x00000020   Data   RO         2688    .constdata          STemWin522_CM4_OS_Keil.lib(gui__divtbl_31_255.o)
    0x0801dd00   0x00000040   Data   RO         2689    .constdata          STemWin522_CM4_OS_Keil.lib(gui__divtbl_63_255.o)
    0x0801dd40   0x00000028   Data   RO         2710    .constdata          STemWin522_CM4_OS_Keil.lib(gui_adddecshift.o)
    0x0801dd68   0x00000044   Data   RO         2747    .constdata          STemWin522_CM4_OS_Keil.lib(gui_drawline.o)
    0x0801ddac   0x00000010   Data   RO         2860    .constdata          STemWin522_CM4_OS_Keil.lib(gui_uc_encodenone.o)
    0x0801ddbc   0x0000000c   Data   RO         2899    .constdata          STemWin522_CM4_OS_Keil.lib(lcd.o)
    0x0801ddc8   0x00000100   Data   RO         2938    .constdata          STemWin522_CM4_OS_Keil.lib(lcd_mirror.o)
    0x0801dec8   0x00000008   Data   RO         2999    .constdata          STemWin522_CM4_OS_Keil.lib(guidev_writetoactiveopaque.o)
    0x0801ded0   0x0000001c   Data   RO         3088    .constdata          STemWin522_CM4_OS_Keil.lib(widget_effect_3d.o)
    0x0801deec   0x00000018   Data   RO         3450    .constdata          STemWin522_CM4_OS_Keil.lib(guicc_0.o)
    0x0801df04   0x00000018   Data   RO         3460    .constdata          STemWin522_CM4_OS_Keil.lib(guicc_8888.o)
    0x0801df1c   0x00000074   Data   RO         3488    .constdata          STemWin522_CM4_OS_Keil.lib(guidev_32.o)
    0x0801df90   0x00000018   Data   RO         3530    .constdata          STemWin522_CM4_OS_Keil.lib(guidev_usagebm.o)
    0x0801dfa8   0x0000000c   Data   RO         3550    .constdata          STemWin522_CM4_OS_Keil.lib(scrollbar_skinclassic.o)
    0x0801dfb4   0x00000004   PAD
    0x0801dfb8   0x00000088   Data   RO         3825    .constdata          m_wm.l(pow.o)
    0x0801e040   0x00000008   Data   RO         3881    .constdata          m_wm.l(qnan.o)
    0x0801e048   0x00000083   Data   RO          397    .conststring        lcd_interface.o
    0x0801e0cb   0x00000001   PAD
    0x0801e0cc   0x00000040   Data   RO         3938    Region$$Table       anon$$obj.o


    Execution Region RW_IRAM2 (Base: 0x10000000, Size: 0x00000a08, Max: 0x00010000, ABSOLUTE, COMPRESSED[0x000003e8])

    Base Addr    Size         Type   Attr      Idx    E Section Name        Object

    0x10000000   0x00000030   Data   RW          453    .data               gui_drawesing.o
    0x10000030   0x00000024   Data   RW          477    .data               task_dateconnected.o
    0x10000054   0x0000000a   Data   RW          501    .data               task_dtudely.o
    0x1000005e   0x00000002   Data   RW          749    .data               bsp_usart3.o
    0x10000060   0x00000010   Data   RW         1171    .data               stm32f4xx_rcc.o
    0x10000070   0x00000004   Data   RW         1354    .data               cpu_core.o
    0x10000074   0x000000b0   Data   RW         1674    .data               os_var.o
    0x10000124   0x00000004   Data   RW         1691    .data               os_cpu_c.o
    0x10000128   0x000004b0   Data   RW         1711    .data               bsplcddrive.o
    0x100005d8   0x00000005   Data   RW         1859    .data               gui_x_touch_analog.o
    0x100005dd   0x00000003   PAD
    0x100005e0   0x00000008   Data   RW         1911    .data               STemWin522_CM4_OS_Keil.lib(guicc_m565.o)
    0x100005e8   0x0000002c   Data   RW         2029    .data               STemWin522_CM4_OS_Keil.lib(gui_core.o)
    0x10000614   0x00000004   Data   RW         2031    .data               STemWin522_CM4_OS_Keil.lib(gui_core.o)
    0x10000618   0x00000004   Data   RW         2033    .data               STemWin522_CM4_OS_Keil.lib(gui_core.o)
    0x1000061c   0x00000002   Data   RW         2034    .data               STemWin522_CM4_OS_Keil.lib(gui_core.o)
    0x1000061e   0x00000002   PAD
    0x10000620   0x00000008   Data   RW         2109    .data               STemWin522_CM4_OS_Keil.lib(gui_selectlayer.o)
    0x10000628   0x00000030   Data   RW         2145    .data               STemWin522_CM4_OS_Keil.lib(gui_touch_driveranalog.o)
    0x10000658   0x00000004   Data   RW         2557    .data               STemWin522_CM4_OS_Keil.lib(widget_effect_simple.o)
    0x1000065c   0x00000008   Data   RW         2696    .data               STemWin522_CM4_OS_Keil.lib(gui__managecache.o)
    0x10000664   0x0000000c   Data   RW         2787    .data               STemWin522_CM4_OS_Keil.lib(gui_onkey.o)
    0x10000670   0x00000008   Data   RW         2852    .data               STemWin522_CM4_OS_Keil.lib(gui_touch_storeunstable.o)
    0x10000678   0x00000004   Data   RW         2964    .data               STemWin522_CM4_OS_Keil.lib(guidev_banding.o)
    0x1000067c   0x00000018   Data   RW         3060    .data               STemWin522_CM4_OS_Keil.lib(scrollbar.o)
    0x10000694   0x00000002   Data   RW         3061    .data               STemWin522_CM4_OS_Keil.lib(scrollbar.o)
    0x10000696   0x00000002   PAD
    0x10000698   0x00000014   Data   RW         3089    .data               STemWin522_CM4_OS_Keil.lib(widget_effect_3d.o)
    0x100006ac   0x00000004   Data   RW         3263    .data               STemWin522_CM4_OS_Keil.lib(gui_charline.o)
    0x100006b0   0x00000020   Data   RW         3358    .data               STemWin522_CM4_OS_Keil.lib(gui_setalpha.o)
    0x100006d0   0x00000004   Data   RW         3761    .data               STemWin522_CM4_OS_Keil.lib(lcd_aa.o)
    0x100006d4   0x00000010   Zero   RW          451    .bss                gui_drawesing.o
    0x100006e4   0x0000024e   Zero   RW          499    .bss                task_dtudely.o
    0x10000932   0x00000002   PAD
    0x10000934   0x0000000c   Zero   RW         2130    .bss                STemWin522_CM4_OS_Keil.lib(gui_touch.o)
    0x10000940   0x00000010   Zero   RW         2144    .bss                STemWin522_CM4_OS_Keil.lib(gui_touch_driveranalog.o)
    0x10000950   0x00000058   Zero   RW         2786    .bss                STemWin522_CM4_OS_Keil.lib(gui_onkey.o)
    0x100009a8   0x00000048   Zero   RW         2805    .bss                STemWin522_CM4_OS_Keil.lib(gui_pid.o)
    0x100009f0   0x00000018   Zero   RW         3604    .bss                STemWin522_CM4_OS_Keil.lib(wm_pid__getprevstate.o)


    Execution Region RW_IRAM1 (Base: 0x20000000, Size: 0x00010a08, Max: 0x00020000, ABSOLUTE, COMPRESSED[0x00000c58])

    Base Addr    Size         Type   Attr      Idx    E Section Name        Object

    0x20000000   0x000000c0   Data   RW          398    .data               lcd_interface.o
    0x200000c0   0x00000008   Data   RW          429    .data               gui_fist_page.o
    0x200000c8   0x00000014   Data   RW          797    .data               system_stm32f4xx.o
    0x200000dc   0x00000004   Data   RW         1402    .data               lib_math.o
    0x200000e0   0x00000008   Data   RW         1577    .data               os_prio.o
    0x200000e8   0x00001370   Data   RW         1755    .data               font.o
    0x20001458   0x00000008   Data   RW         1960    .data               STemWin522_CM4_OS_Keil.lib(gui_alloc.o)
    0x20001460   0x00000004   Data   RW         2030    .data               STemWin522_CM4_OS_Keil.lib(gui_core.o)
    0x20001464   0x00000004   Data   RW         2032    .data               STemWin522_CM4_OS_Keil.lib(gui_core.o)
    0x20001468   0x00000002   Data   RW         2035    .data               STemWin522_CM4_OS_Keil.lib(gui_core.o)
    0x2000146a   0x00000002   PAD
    0x2000146c   0x00000030   Data   RW         2418    .data               STemWin522_CM4_OS_Keil.lib(graph.o)
    0x2000149c   0x00000008   Data   RW         2485    .data               STemWin522_CM4_OS_Keil.lib(graph_scale.o)
    0x200014a4   0x00000004   Data   RW         2523    .data               STemWin522_CM4_OS_Keil.lib(widget.o)
    0x200014a8   0x00000058   Data   RW         2621    .data               STemWin522_CM4_OS_Keil.lib(wm.o)
    0x20001500   0x00000001   Data   RW         2622    .data               STemWin522_CM4_OS_Keil.lib(wm.o)
    0x20001501   0x00000003   PAD
    0x20001504   0x00000008   Data   RW         2806    .data               STemWin522_CM4_OS_Keil.lib(gui_pid.o)
    0x2000150c   0x0000001c   Data   RW         2842    .data               STemWin522_CM4_OS_Keil.lib(gui_task.o)
    0x20001528   0x0000000c   Data   RW         2872    .data               STemWin522_CM4_OS_Keil.lib(gui_waitevent.o)
    0x20001534   0x00000004   Data   RW         2900    .data               STemWin522_CM4_OS_Keil.lib(lcd.o)
    0x20001538   0x00000010   Data   RW         2926    .data               STemWin522_CM4_OS_Keil.lib(lcd_color.o)
    0x20001548   0x00000001   Data   RW         2978    .data               STemWin522_CM4_OS_Keil.lib(guidev_staticdevices.o)
    0x20001549   0x00000003   PAD
    0x2000154c   0x00000004   Data   RW         3102    .data               STemWin522_CM4_OS_Keil.lib(wm__sendmessage.o)
    0x20001550   0x00000008   Data   RW         3208    .data               STemWin522_CM4_OS_Keil.lib(wm_touch.o)
    0x20001558   0x00000028   Data   RW         3236    .data               STemWin522_CM4_OS_Keil.lib(gui__alpha.o)
    0x20001580   0x00000004   Data   RW         3312    .data               STemWin522_CM4_OS_Keil.lib(gui_fillpolygon.o)
    0x20001584   0x00000014   Data   RW         3412    .data               STemWin522_CM4_OS_Keil.lib(gui_timer.o)
    0x20001598   0x00000004   Data   RW         3917    .data               mc_w.l(errno.o)
    0x2000159c   0x00001b90   Zero   RW          476    .bss                task_dateconnected.o
    0x2000312c   0x00003bac   Zero   RW          523    .bss                main.o
    0x20006cd8   0x000000c8   Zero   RW          748    .bss                bsp_usart3.o
    0x20006da0   0x00000010   Zero   RW         1352    .bss                cpu_core.o
    0x20006db0   0x00001420   Zero   RW         1455    .bss                os_cfg_app.o
    0x200081d0   0x000005fc   Zero   RW         1673    .bss                os_var.o
    0x200087cc   0x00000050   Zero   RW         1839    .bss                gui_x.o
    0x2000881c   0x00004000   Zero   RW         1877    .bss                guiconf.o
    0x2000c81c   0x000000c8   Zero   RW         1959    .bss                STemWin522_CM4_OS_Keil.lib(gui_alloc.o)
    0x2000c8e4   0x00000078   Zero   RW         2027    .bss                STemWin522_CM4_OS_Keil.lib(gui_core.o)
    0x2000c95c   0x0000000c   Zero   RW         2159    .bss                STemWin522_CM4_OS_Keil.lib(gui_touch_storestate.o)
    0x2000c968   0x00000018   Zero   RW         2620    .bss                STemWin522_CM4_OS_Keil.lib(wm.o)
    0x2000c980   0x00000048   Zero   RW         3207    .bss                STemWin522_CM4_OS_Keil.lib(wm_touch.o)
    0x2000c9c8   0x00000028   Zero   RW         3286    .bss                STemWin522_CM4_OS_Keil.lib(gui_curs1.o)
    0x2000c9f0   0x00000018   Zero   RW         3311    .bss                STemWin522_CM4_OS_Keil.lib(gui_fillpolygon.o)
    0x2000ca08   0x00004000   Zero   RW          788    STACK               startup_stm32f4xx.o


==============================================================================

Image component sizes


      Code (inc. data)   RO Data    RW Data    ZI Data      Debug   Object Name

       216         18          0          0          0       1637   bsp.o
        72          4          0          0          0        656   bsp_led.o
       308          4          0          0          0       3206   bsp_os.o
       316         10          0          0          0       1380   bsp_timers.o
       652         14          0          0          0       2825   bsp_touch_spi.o
       236          8          0          0          0       1037   bsp_usart1.o
       260          8          0          0          0       1376   bsp_usart2.o
       412         18          0          2        200       2225   bsp_usart3.o
       836         28          0       1200          0       5123   bsplcddrive.o
       492          8          0          0          0       1021   bsplcdhal_init.o
        52          0          0          0          0        348   cpu_a.o
       684         14        260          4         16       6935   cpu_core.o
       824         64          0          0          0       3092   exchangedata.o
         0          0          0       4976          0        648   font.o
      1444        100          0         48         16       3502   gui_drawesing.o
       168         14          0          8          0       1080   gui_fist_page.o
       100         10          0          0         80       2247   gui_x.o
        80         16          0          5          0       1516   gui_x_touch_analog.o
        36         10          0          0      16384        567   guiconf.o
      2704         80         52          0          0      57213   guidrv_template.o
      1204         74       3571        192          0       8243   lcd_interface.o
       476          8          0          0          0       1975   lcdconf.o
       598          0          0          0          0       3796   lib_ascii.o
       128          8          0          4          0       1992   lib_math.o
       482          0          0          0          0       3444   lib_mem.o
       544          0          0          0          0        492   lib_mem_a.o
      2348          6        148          0          0      13222   lib_str.o
       476        136          0          0      15276       1771   main.o
       224         20          0          0          0       1837   misc.o
         0          0          0          0          0      27801   os_app_hooks.o
         2          0        148          0       5152      19989   os_cfg_app.o
      3412        270          0          0          0      11631   os_core.o
       168         32          0          0          0        412   os_cpu_a.o
       584         62          0          4          0       3833   os_cpu_c.o
       416        272        360          0          0       4785   os_dbg.o
      3528         98          0          0          0       7815   os_flag.o
      1036        132          0          0          0       2292   os_int.o
       548         16          0          0          0       2812   os_mem.o
       552         14          0          0          0       2726   os_msg.o
      2668         94          0          0          0       5570   os_mutex.o
       124          4          0          8          0       1964   os_prio.o
      2168         68          0          0          0       6240   os_q.o
      2004         64          0          0          0       6252   os_sem.o
      1512        160          0          0          0       2785   os_stat.o
      6648        250          0          0          0      12893   os_task.o
      1396         84          0          0          0       3904   os_tick.o
      1304         36          0          0          0       3169   os_time.o
         0          0          0        176       1532      18550   os_var.o
        36          8        392          0      16384        840   startup_stm32f4xx.o
      1544         14          0          0          0       5427   stm32f4xx_fsmc.o
       604         36          0          0          0       4085   stm32f4xx_gpio.o
       620         56          0          0          0       2589   stm32f4xx_it.o
      1416         48          0         16          0      10979   stm32f4xx_rcc.o
      1016         22          0          0          0       6797   stm32f4xx_spi.o
       140         12          0          0          0       1687   stm32f4xx_syscfg.o
      3234         60          0          0          0      22316   stm32f4xx_tim.o
      1050         26          0          0          0       7788   stm32f4xx_usart.o
       580         48          0         20          0       1903   system_stm32f4xx.o
      3036        178          0         36       7056       4710   task_dateconnected.o
       932        130         42         10        590       2469   task_dtudely.o
       396         28          0          0          0     359564   task_gui.o

    ----------------------------------------------------------------------
     59056       3002       5040       6712      62688     710983   Object Totals
         0          0         64          0          0          0   (incl. Generated)
        10          0          3          3          2          0   (incl. Padding)

    ----------------------------------------------------------------------

      Code (inc. data)   RO Data    RW Data    ZI Data      Debug   Library Member Name

         0          0       1816          0          0          0   f6x8.o
         0          0       3120          0          0          0   f8x16.o
      2416         10          0         48          0       2616   graph.o
       580         14          0          0          0        792   graph_data_yt.o
       712          8          0          8          0        844   graph_scale.o
       128          4          0          0          0        132   gui_2dlib.o
       830         34          0         40          0        796   gui__alpha.o
       668          0          0          0          0        256   gui__compactpixelindices.o
        26          0          0          0          0        116   gui__divideround32.o
         0          0        256          0          0          0   gui__divtbl_255_31.o
         0          0        256          0          0          0   gui__divtbl_255_63.o
         0          0         32          0          0          0   gui__divtbl_31_255.o
         0          0         64          0          0          0   gui__divtbl_63_255.o
       320          0          0          0          0        156   gui__expandpixelindices.o
        20          4          0          0          0        116   gui__getfontsizey.o
        58          0          0          0          0        116   gui__intersectrect.o
        82          0          0          0          0        128   gui__intersectrects.o
       188          8          0          8          0        248   gui__managecache.o
        76          0          0          0          0        124   gui__memset.o
        58          0          0          0          0        124   gui__memset16.o
        26          0          0          0          0        116   gui__reducerect.o
       220         16         40          0          0        380   gui_adddecshift.o
      1888        120          0          8        200       3356   gui_alloc.o
        64          0          0          0          0        132   gui_alloc_allocinit.o
        46          0          0          0          0        128   gui_alloc_alloczero.o
       300          0          0          0          0        760   gui_array.o
        68          0          0          0          0        124   gui_calccolordist.o
       200         24          0          0          0        628   gui_char.o
       458         36          0          4          0        760   gui_charline.o
       394         12          0          0          0        492   gui_charm.o
       312         12          0          0          0        624   gui_charp.o
       188          4          0          0          0        140   gui_circ.o
       476         78          8         64        120       1004   gui_core.o
       120          6          0          0         40        136   gui_curs1.o
       426         32          8          0          0       1108   gui_device.o
       264          4          0          0          0        136   gui_dispstring.o
        40          6          0          0          0        136   gui_dispstringat.o
        52          4          0          0          0        140   gui_dispstringhcenter.o
       576         22          0          0          0        296   gui_drawgraphex.o
        88          6          0          0          0        132   gui_drawhline.o
      1196         34         68          0          0       1312   gui_drawline.o
        32          4          0          0          0        116   gui_drawpoint.o
        80          6          0          0          0        128   gui_drawvline.o
        52          4          0          0          0        248   gui_exec.o
       536         24          0          4         24        272   gui_fillpolygon.o
        88          4          0          0          0        132   gui_fillrect.o
        20          0          0          0          0        116   gui_fillrectex.o
       160          0          0          0          0        248   gui_getbitmappixelindex.o
        48          0          0          0          0        248   gui_getcolor.o
        20          0          0          0          0        124   gui_getfontsizey.o
        24          4          0          0          0        124   gui_getlinestyle.o
        54         10          0          0          0        252   gui_getorg.o
        66         12          0          0          0        360   gui_goto.o
        88          0          0          0          0        124   gui_mergerect.o
        30          0          0          0          0        116   gui_moverect.o
       102         12          0         12         88        476   gui_onkey.o
        28          4          0          0          0        128   gui_pen.o
       256         36          0          8         72        732   gui_pid.o
        86          0          0          0          0        128   gui_realloc.o
        56          0          0          0          0        116   gui_rectsintersect.o
        32         10          0          0          0        232   gui_savecontext.o
       138         14          0          8          0        508   gui_selectlayer.o
        26          0          0          0          0        128   gui_selectlcd.o
        36          4          0         32          0        124   gui_setalpha.o
        44          0          0          0          0        256   gui_setcolor.o
        64          6          0          0          0        128   gui_setdefault.o
        24          0          0          0          0        124   gui_setdrawmode.o
        32          6          0          0          0        128   gui_setfont.o
        28          4          0          0          0        128   gui_setlinestyle.o
        64         16          0          0          0        136   gui_setorg.o
        32          6          0          0          0        128   gui_settextalign.o
        32          6          0          0          0        128   gui_settextmode.o
      1196          4          0          0          0        960   gui_sprite.o
       308         36          0         28          0        632   gui_task.o
       108          6          0          0          0        248   gui_time.o
       856         46          0         20          0       1544   gui_timer.o
        64          8          0          0         12        256   gui_touch.o
       644         40          0         48         16        644   gui_touch_driveranalog.o
        48         12          0          0         12        232   gui_touch_storestate.o
        48          6          0          8          0        136   gui_touch_storeunstable.o
        84         10          0          0          0        264   gui_uc.o
        18          0         16          0          0        464   gui_uc_encodenone.o
       220          8         16          0          0        604   gui_uc_encodeutf8.o
        68          0          0          0          0        368   gui_val.o
       576         18          0          0          0        800   gui_valf.o
        16          4          0         12          0        116   gui_waitevent.o
       198          0         24          0          0        388   guicc_0.o
        36          0         24          0          0        480   guicc_8888.o
         2          0          0          0          0        116   guicc_8888_index2color.o
         2          0          0          0          0        116   guicc_888_index2color.o
       214         36         24          8          0        528   guicc_m565.o
        44         10          0          0          0        124   guicc_m565_index2color.o
       806         38          0          0          0       1060   guidev.o
      2268         60        116          0          0       2092   guidev_16.o
      2320         62        116          0          0       2244   guidev_32.o
       300         10          0          4          0        260   guidev_banding.o
        68          4          0          0          0        124   guidev_clear.o
        34          0          0          0          0        128   guidev_getdataptr.o
        52          6          0          0          0        128   guidev_getysize.o
        56          4          0          0          0        128   guidev_reduceysize.o
       100          4          0          0          0        128   guidev_setorg.o
       308         12          0          1          0        272   guidev_staticdevices.o
        84          0          0          0          0        260   guidev_usage.o
       460          4         24          0          0        748   guidev_usagebm.o
       116          4          0          0          0        244   guidev_write.o
       280         14          0          0          0        144   guidev_writetoactivealpha.o
      1698         18          8          0          0        576   guidev_writetoactiveopaque.o
      1734        118         12          4          0       2292   lcd.o
        16          6          0          4          0        116   lcd_aa.o
       260         26          0         16          0        628   lcd_color.o
        32         12          0          0          0        232   lcd_getcolorindex.o
       400         36          0          0          0       2368   lcd_getex.o
        26          0          0          0          0        128   lcd_getnumdisplays.o
         0          0        256          0          0          0   lcd_mirror.o
       504         18          0          0          0        276   lcd_readrect.o
        68         10          0          0          0        128   lcd_selectlcd.o
       260          0          0          0          0        788   lcd_set.o
        48         10          0          0          0        128   lcd_setcliprectex.o
        36          4          0          0          0        128   lcd_updatecolorindices.o
      1462         10          0         26          0       1548   scrollbar.o
        54          0          0          0          0        128   scrollbar_create.o
        38          0          0          0          0        128   scrollbar_getvalue.o
       712         10         12          0          0        396   scrollbar_skinclassic.o
       958         10          0          4          0       2148   widget.o
       284          8         28         20          0        532   widget_effect_3d.o
       144         12         28          4          0        512   widget_effect_simple.o
      4714        228          0         89         24       6840   wm.o
        44          0          0          0          0        128   wm__foreachdesc.o
        18          0          0          0          0        124   wm__getfirstsibling.o
        36          0          0          0          0        128   wm__getprevsibling.o
        34          0          0          0          0        128   wm__isancestor.o
        22          0          0          0          0        124   wm__isenabled.o
        20          0          0          0          0        116   wm__screen2client.o
        60          6          0          4          0        136   wm__sendmessage.o
        28          0          0          0          0        140   wm__sendmessageifenabled.o
        38          0          0          0          0        128   wm__sendmessagenopara.o
       220          0          0          0          0        144   wm__updatechildpositions.o
       136          0          0          0          0        140   wm_bringtobottom.o
       138          6          0          0          0        372   wm_bringtotop.o
        28          0          0          0          0        116   wm_checkscrollpos.o
        60         12          0          0          0        232   wm_criticalhandle.o
        30          0          0          0          0        136   wm_foreachdesc.o
       102         10          0          0          0        392   wm_getclientrect.o
        24         10          0          0          0        116   wm_getdesktopwindow.o
        20          4          0          0          0        116   wm_getdesktopwindowex.o
        98          0          0          0          0        260   wm_getdialogitem.o
        26          0          0          0          0        124   wm_getfirstchild.o
        32          0          0          0          0        128   wm_getflags.o
        26          0          0          0          0        128   wm_getid.o
        16          0          0          0          0        124   wm_getinsiderect.o
       164          0          0          0          0        136   wm_getinsiderectexscrollbar.o
        96         12          0          0          0        488   wm_getorg.o
        26          0          0          0          0        124   wm_getparent.o
       144          0          0          0          0        388   wm_getscrollbar.o
        42          0          0          0          0        136   wm_getscrollpartner.o
        40          0          0          0          0        140   wm_getwindowrect.o
        50          0          0          0          0        128   wm_hide.o
        24          0          0          0          0        124   wm_iswindow.o
       292          0          0          0          0        416   wm_move.o
        16          0          0          0          0        124   wm_notifyparent.o
        64          8          0          0          0        136   wm_onkey.o
        28          4          0          0         24        116   wm_pid__getprevstate.o
       246          0          0          0          0        136   wm_resizewindow.o
       204          6          0          0          0        516   wm_screen2win.o
        26          0          0          0          0        136   wm_sendmessagenopara.o
        38          0          0          0          0        140   wm_sendtoparent.o
        48          0          0          0          0        132   wm_setcallback.o
       122         20          0          0          0        396   wm_setcapture.o
        16          6          0          0          0        116   wm_setcreateflags.o
       168         10          0          0          0        136   wm_setfocus.o
       126          0          0          0          0        620   wm_setscrollbar.o
        24          0          0          0          0        124   wm_setscrollstate.o
        72          0          0          0          0        132   wm_setsize.o
        32          4          0          0          0        128   wm_setusercliprect.o
       310          4          0          0          0        648   wm_timer.o
      1064         38          0          8         72        532   wm_touch.o
       280         28          0          0          0        156   ceil.o
        32          8          0          0          0        124   dunder.o
        44          0          0          0          0        248   fabs.o
       280         28          0          0          0        156   floor.o
        48          0          0          0          0        124   fpclassify.o
       248          0          0          0          0        152   poly.o
      3128        304        136          0          0        216   pow.o
         0          0          8          0          0          0   qnan.o
       110          0          0          0          0        148   sqrt.o
        86          0          0          0          0          0   __dczerorl2.o
         0          0          0          0          0          0   entry.o
         0          0          0          0          0          0   entry10a.o
         0          0          0          0          0          0   entry11a.o
         8          4          0          0          0          0   entry2.o
         4          0          0          0          0          0   entry5.o
         0          0          0          0          0          0   entry7b.o
         0          0          0          0          0          0   entry8b.o
         8          4          0          0          0          0   entry9a.o
        12          6          0          4          0         68   errno.o
        30          0          0          0          0          0   handlers.o
        36          8          0          0          0         68   init.o
         0          0          0          0          0          0   iusefp.o
        30          0          0          0          0         68   llshl.o
        36          0          0          0          0         68   llsshr.o
        32          0          0          0          0         68   llushr.o
        26          0          0          0          0         80   memcmp.o
        64          0          0          0          0         76   memmovea.o
        36          0          0          0          0        108   memseta.o
        24          0          0          0          0         68   strcat.o
        18          0          0          0          0         68   strcpy.o
        14          0          0          0          0         68   strlen.o
        36          0          0          0          0         80   strstr.o
        98          0          0          0          0         92   uldiv.o
        40          2          0          0          0         68   cdrcmple.o
        56          0          0          0          0         88   d2f.o
       334          0          0          0          0        148   dadd.o
       222          0          0          0          0        100   ddiv.o
       182          0          0          0          0        176   depilogue.o
        62          0          0          0          0         80   dfixi.o
        34          0          0          0          0         76   dflti.o
       228          0          0          0          0         96   dmul.o
        46          0          0          0          0         80   dscalb.o
       162          0          0          0          0        100   dsqrt.o
        38          0          0          0          0         68   f2d.o
       110          0          0          0          0        168   fepilogue.o

    ----------------------------------------------------------------------
     52532       2244       6520        568        704      75520   Library Totals
       120          0          4         12          0          0   (incl. Padding)

    ----------------------------------------------------------------------

      Code (inc. data)   RO Data    RW Data    ZI Data      Debug   Library Name

     46130       1852       6372        552        704      71968   STemWin522_CM4_OS_Keil.lib
      4170        368        144          0          0       1324   m_wm.l
       598         22          0          4          0        980   mc_w.l
      1514          2          0          0          0       1248   mf_w.l

    ----------------------------------------------------------------------
     52532       2244       6520        568        704      75520   Library Totals

    ----------------------------------------------------------------------

==============================================================================


      Code (inc. data)   RO Data    RW Data    ZI Data      Debug   

    111588       5246      11560       7280      63392     717043   Grand Totals
    111588       5246      11560       4160      63392     717043   ELF Image Totals (compressed)
    111588       5246      11560       4160          0          0   ROM Totals

==============================================================================

    Total RO  Size (Code + RO Data)               123148 ( 120.26kB)
    Total RW  Size (RW Data + ZI Data)             70672 (  69.02kB)
    Total ROM Size (Code + RO Data + RW Data)     127308 ( 124.32kB)

==============================================================================

